<html>
<body>
<pre>
<h1>礦ision Build Log</h1>
<h2>Tool Versions:</h2>
IDE-Version: μVision V5.39.0.0
Copyright (C) 2023 ARM Ltd and ARM Germany GmbH. All rights reserved.
License Information: Jay Jay, Jay, LIC=GE7DL-0P8U9-4A8DE-5946K-WWZZF-CS2I2
 
Tool Versions:
Toolchain:       MDK-ARM Professional  Version: 5.39.0.0
Toolchain Path:  C:\Keil_v5\ARM\ARMCC\Bin
C Compiler:      Armcc.exe V5.06 update 7 (build 960)
Assembler:       Armasm.exe V5.06 update 7 (build 960)
Linker/Locator:  ArmLink.exe V5.06 update 7 (build 960)
Library Manager: ArmAr.exe V5.06 update 7 (build 960)
Hex Converter:   FromElf.exe V5.06 update 7 (build 960)
CPU DLL:         SARMCM3.DLL V5.39.0.0
Dialog DLL:      DARMSTM.DLL V1.69.1.0
Target DLL:      UL2CM3.DLL V1.164.9.0
Dialog DLL:      TARMSTM.DLL V1.67.1.0
 
<h2>Project:</h2>
C:\Users\Jay\Downloads\Documents\2-软件设计1(1)\2-软件设计1\Template.uvprojx
Project File Date:  05/17/2024

<h2>Output:</h2>
*** Using Compiler 'V5.06 update 7 (build 960)', folder: 'C:\Keil_v5\ARM\ARMCC\Bin'
Build target 'Target 1'
assembling startup_stm32f10x_md.s...
compiling stm32f10x_it.c...
compiling stm32f10x_rcc.c...
compiling stm32f10x_adc.c...
compiling misc.c...
compiling core_cm3.c...
compiling main.c...
compiling stm32f10x_gpio.c...
compiling beep.c...
compiling system_stm32f10x.c...
compiling lcd1602.c...
compiling key.c...
compiling stm32f10x_exti.c...
compiling stm32f10x_flash.c...
compiling stm32f10x_tim.c...
compiling pid.c...
compiling bridge.c...
compiling ds18b20.c...
compiling pcf8591.c...
compiling iic.c...
compiling system.c...
compiling pwm.c...
APP\pwm\pwm.h(10): warning:  #1-D: last line of file ends without a newline
  #endif
APP\pwm\pwm.c: 1 warning, 0 errors
compiling SysTick.c...
compiling app_demo.c...
.\APP\pwm\pwm.h(10): warning:  #1-D: last line of file ends without a newline
  #endif
App_demo\app_demo.c: 1 warning, 0 errors
linking...
Program Size: Code=8188 RO-data=332 RW-data=36 ZI-data=1092  
FromELF: creating hex file...
".\Obj\Template.axf" - 0 Error(s), 2 Warning(s).

<h2>Software Packages used:</h2>

Package Vendor: Keil
                https://www.keil.com/pack/Keil.STM32F1xx_DFP.2.4.1.pack
                Keil::STM32F1xx_DFP@2.4.1
                STMicroelectronics STM32F1 Series Device Support, Drivers and Examples

<h2>Collection of Component include folders:</h2>
  C:/Users/Jay/AppData/Local/Arm/Packs/Keil/STM32F1xx_DFP/2.4.1/Device/Include

<h2>Collection of Component Files used:</h2>
Build Time Elapsed:  00:00:02
</pre>
</body>
</html>
