Component: ARM Compiler 5.06 update 7 (build 960) Tool: armlink [4d3601]

==============================================================================

Section Cross References

    main.o(i.main) refers to misc.o(i.NVIC_PriorityGroupConfig) for NVIC_PriorityGroupConfig
    main.o(i.main) refers to stm32f10x_rcc.o(i.RCC_SYSCLKConfig) for RCC_SYSCLKConfig
    main.o(i.main) refers to app_demo.o(i.appdemo_show) for appdemo_show
    startup_stm32f10x_md.o(RESET) refers to startup_stm32f10x_md.o(STACK) for __initial_sp
    startup_stm32f10x_md.o(RESET) refers to startup_stm32f10x_md.o(.text) for Reset_Handler
    startup_stm32f10x_md.o(RESET) refers to stm32f10x_it.o(i.NMI_Handler) for NMI_Handler
    startup_stm32f10x_md.o(RESET) refers to stm32f10x_it.o(i.HardFault_Handler) for HardFault_Handler
    startup_stm32f10x_md.o(RESET) refers to stm32f10x_it.o(i.MemManage_Handler) for MemManage_Handler
    startup_stm32f10x_md.o(RESET) refers to stm32f10x_it.o(i.BusFault_Handler) for BusFault_Handler
    startup_stm32f10x_md.o(RESET) refers to stm32f10x_it.o(i.UsageFault_Handler) for UsageFault_Handler
    startup_stm32f10x_md.o(RESET) refers to stm32f10x_it.o(i.SVC_Handler) for SVC_Handler
    startup_stm32f10x_md.o(RESET) refers to stm32f10x_it.o(i.DebugMon_Handler) for DebugMon_Handler
    startup_stm32f10x_md.o(RESET) refers to stm32f10x_it.o(i.PendSV_Handler) for PendSV_Handler
    startup_stm32f10x_md.o(RESET) refers to stm32f10x_it.o(i.SysTick_Handler) for SysTick_Handler
    startup_stm32f10x_md.o(RESET) refers to pwm.o(i.TIM2_IRQHandler) for TIM2_IRQHandler
    startup_stm32f10x_md.o(.text) refers to system_stm32f10x.o(i.SystemInit) for SystemInit
    startup_stm32f10x_md.o(.text) refers to entry.o(.ARM.Collect$$$$00000000) for __main
    stm32f10x_gpio.o(i.GPIO_AFIODeInit) refers to stm32f10x_rcc.o(i.RCC_APB2PeriphResetCmd) for RCC_APB2PeriphResetCmd
    stm32f10x_gpio.o(i.GPIO_DeInit) refers to stm32f10x_rcc.o(i.RCC_APB2PeriphResetCmd) for RCC_APB2PeriphResetCmd
    stm32f10x_rcc.o(i.RCC_GetClocksFreq) refers to stm32f10x_rcc.o(.data) for APBAHBPrescTable
    stm32f10x_rcc.o(i.RCC_WaitForHSEStartUp) refers to stm32f10x_rcc.o(i.RCC_GetFlagStatus) for RCC_GetFlagStatus
    stm32f10x_tim.o(i.TIM_DeInit) refers to stm32f10x_rcc.o(i.RCC_APB2PeriphResetCmd) for RCC_APB2PeriphResetCmd
    stm32f10x_tim.o(i.TIM_DeInit) refers to stm32f10x_rcc.o(i.RCC_APB1PeriphResetCmd) for RCC_APB1PeriphResetCmd
    stm32f10x_tim.o(i.TIM_ETRClockMode1Config) refers to stm32f10x_tim.o(i.TIM_ETRConfig) for TIM_ETRConfig
    stm32f10x_tim.o(i.TIM_ETRClockMode2Config) refers to stm32f10x_tim.o(i.TIM_ETRConfig) for TIM_ETRConfig
    stm32f10x_tim.o(i.TIM_ICInit) refers to stm32f10x_tim.o(i.TI1_Config) for TI1_Config
    stm32f10x_tim.o(i.TIM_ICInit) refers to stm32f10x_tim.o(i.TIM_SetIC1Prescaler) for TIM_SetIC1Prescaler
    stm32f10x_tim.o(i.TIM_ICInit) refers to stm32f10x_tim.o(i.TI2_Config) for TI2_Config
    stm32f10x_tim.o(i.TIM_ICInit) refers to stm32f10x_tim.o(i.TIM_SetIC2Prescaler) for TIM_SetIC2Prescaler
    stm32f10x_tim.o(i.TIM_ICInit) refers to stm32f10x_tim.o(i.TI3_Config) for TI3_Config
    stm32f10x_tim.o(i.TIM_ICInit) refers to stm32f10x_tim.o(i.TIM_SetIC3Prescaler) for TIM_SetIC3Prescaler
    stm32f10x_tim.o(i.TIM_ICInit) refers to stm32f10x_tim.o(i.TI4_Config) for TI4_Config
    stm32f10x_tim.o(i.TIM_ICInit) refers to stm32f10x_tim.o(i.TIM_SetIC4Prescaler) for TIM_SetIC4Prescaler
    stm32f10x_tim.o(i.TIM_ITRxExternalClockConfig) refers to stm32f10x_tim.o(i.TIM_SelectInputTrigger) for TIM_SelectInputTrigger
    stm32f10x_tim.o(i.TIM_PWMIConfig) refers to stm32f10x_tim.o(i.TI1_Config) for TI1_Config
    stm32f10x_tim.o(i.TIM_PWMIConfig) refers to stm32f10x_tim.o(i.TIM_SetIC1Prescaler) for TIM_SetIC1Prescaler
    stm32f10x_tim.o(i.TIM_PWMIConfig) refers to stm32f10x_tim.o(i.TI2_Config) for TI2_Config
    stm32f10x_tim.o(i.TIM_PWMIConfig) refers to stm32f10x_tim.o(i.TIM_SetIC2Prescaler) for TIM_SetIC2Prescaler
    stm32f10x_tim.o(i.TIM_TIxExternalClockConfig) refers to stm32f10x_tim.o(i.TI2_Config) for TI2_Config
    stm32f10x_tim.o(i.TIM_TIxExternalClockConfig) refers to stm32f10x_tim.o(i.TI1_Config) for TI1_Config
    stm32f10x_tim.o(i.TIM_TIxExternalClockConfig) refers to stm32f10x_tim.o(i.TIM_SelectInputTrigger) for TIM_SelectInputTrigger
    stm32f10x_flash.o(i.FLASH_EnableWriteProtection) refers to stm32f10x_flash.o(i.FLASH_WaitForLastOperation) for FLASH_WaitForLastOperation
    stm32f10x_flash.o(i.FLASH_EraseAllBank1Pages) refers to stm32f10x_flash.o(i.FLASH_WaitForLastBank1Operation) for FLASH_WaitForLastBank1Operation
    stm32f10x_flash.o(i.FLASH_EraseAllPages) refers to stm32f10x_flash.o(i.FLASH_WaitForLastOperation) for FLASH_WaitForLastOperation
    stm32f10x_flash.o(i.FLASH_EraseOptionBytes) refers to stm32f10x_flash.o(i.FLASH_GetReadOutProtectionStatus) for FLASH_GetReadOutProtectionStatus
[...]
    stm32f10x_flash.o(i.FLASH_WaitForLastBank1Operation) refers to stm32f10x_flash.o(i.FLASH_GetBank1Status) for FLASH_GetBank1Status
    stm32f10x_flash.o(i.FLASH_WaitForLastOperation) refers to stm32f10x_flash.o(i.FLASH_GetBank1Status) for FLASH_GetBank1Status
    stm32f10x_adc.o(i.ADC_DeInit) refers to stm32f10x_rcc.o(i.RCC_APB2PeriphResetCmd) for RCC_APB2PeriphResetCmd
    system_stm32f10x.o(i.SetSysClock) refers to system_stm32f10x.o(i.SetSysClockTo72) for SetSysClockTo72
    system_stm32f10x.o(i.SystemCoreClockUpdate) refers to system_stm32f10x.o(.data) for SystemCoreClock
    system_stm32f10x.o(i.SystemInit) refers to system_stm32f10x.o(i.SetSysClock) for SetSysClock
    lcd1602.o(i.lcd1602_clear) refers to lcd1602.o(i.lcd1602_write_cmd) for lcd1602_write_cmd
    lcd1602.o(i.lcd1602_gpio_init) refers to stm32f10x_rcc.o(i.RCC_APB2PeriphClockCmd) for RCC_APB2PeriphClockCmd
    lcd1602.o(i.lcd1602_gpio_init) refers to stm32f10x_gpio.o(i.GPIO_Init) for GPIO_Init
    lcd1602.o(i.lcd1602_init) refers to lcd1602.o(i.lcd1602_gpio_init) for lcd1602_gpio_init
    lcd1602.o(i.lcd1602_init) refers to lcd1602.o(i.lcd1602_write_cmd) for lcd1602_write_cmd
    lcd1602.o(i.lcd1602_show_num) refers to lcd1602.o(i.lcd1602_write_cmd) for lcd1602_write_cmd
    lcd1602.o(i.lcd1602_show_num) refers to lcd1602.o(i.lcd1602_write_data) for lcd1602_write_data
    lcd1602.o(i.lcd1602_show_nums) refers to lcd1602.o(i.num_pow) for num_pow
    lcd1602.o(i.lcd1602_show_nums) refers to lcd1602.o(i.lcd1602_show_num) for lcd1602_show_num
    lcd1602.o(i.lcd1602_show_string) refers to lcd1602.o(i.lcd1602_write_cmd) for lcd1602_write_cmd
    lcd1602.o(i.lcd1602_show_string) refers to lcd1602.o(i.lcd1602_write_data) for lcd1602_write_data
    lcd1602.o(i.lcd1602_write_cmd) refers to stm32f10x_gpio.o(i.GPIO_Write) for GPIO_Write
    lcd1602.o(i.lcd1602_write_cmd) refers to systick.o(i.delay_10us) for delay_10us
    lcd1602.o(i.lcd1602_write_data) refers to stm32f10x_gpio.o(i.GPIO_Write) for GPIO_Write
    lcd1602.o(i.lcd1602_write_data) refers to systick.o(i.delay_10us) for delay_10us
    key.o(i.KEY_Init) refers to stm32f10x_rcc.o(i.RCC_APB2PeriphClockCmd) for RCC_APB2PeriphClockCmd
    key.o(i.KEY_Init) refers to stm32f10x_gpio.o(i.GPIO_Init) for GPIO_Init
    key.o(i.KEY_Scan) refers to systick.o(i.delay_ms) for delay_ms
    key.o(i.KEY_Scan) refers to key.o(.data) for key
    beep.o(i.BEEP_Init) refers to stm32f10x_rcc.o(i.RCC_APB2PeriphClockCmd) for RCC_APB2PeriphClockCmd
    beep.o(i.BEEP_Init) refers to stm32f10x_gpio.o(i.GPIO_Init) for GPIO_Init
    beep.o(i.BEEP_Init) refers to stm32f10x_gpio.o(i.GPIO_SetBits) for GPIO_SetBits
    beep.o(i.beep_alarm) refers to systick.o(i.delay_10us) for delay_10us
    ds18b20.o(i.Adc_Init) refers to stm32f10x_rcc.o(i.RCC_APB2PeriphClockCmd) for RCC_APB2PeriphClockCmd
    ds18b20.o(i.Adc_Init) refers to stm32f10x_rcc.o(i.RCC_ADCCLKConfig) for RCC_ADCCLKConfig
    ds18b20.o(i.Adc_Init) refers to stm32f10x_gpio.o(i.GPIO_Init) for GPIO_Init
    ds18b20.o(i.Adc_Init) refers to stm32f10x_adc.o(i.ADC_DeInit) for ADC_DeInit
    ds18b20.o(i.Adc_Init) refers to stm32f10x_adc.o(i.ADC_Init) for ADC_Init
    ds18b20.o(i.Adc_Init) refers to stm32f10x_adc.o(i.ADC_Cmd) for ADC_Cmd
    ds18b20.o(i.Adc_Init) refers to stm32f10x_adc.o(i.ADC_ResetCalibration) for ADC_ResetCalibration
    ds18b20.o(i.Adc_Init) refers to stm32f10x_adc.o(i.ADC_GetResetCalibrationStatus) for ADC_GetResetCalibrationStatus
    ds18b20.o(i.Adc_Init) refers to stm32f10x_adc.o(i.ADC_StartCalibration) for ADC_StartCalibration
    ds18b20.o(i.Adc_Init) refers to stm32f10x_adc.o(i.ADC_GetCalibrationStatus) for ADC_GetCalibrationStatus
    ds18b20.o(i.Adc_Init) refers to stm32f10x_adc.o(i.ADC_SoftwareStartConvCmd) for ADC_SoftwareStartConvCmd
    ds18b20.o(i.DS18B20_GetTemperture) refers to ffltui.o(.text) for __aeabi_ui2f
    ds18b20.o(i.DS18B20_GetTemperture) refers to f2d.o(.text) for __aeabi_f2d
    ds18b20.o(i.DS18B20_GetTemperture) refers to dmul.o(.text) for __aeabi_dmul
    ds18b20.o(i.DS18B20_GetTemperture) refers to d2f.o(.text) for __aeabi_d2f
    ds18b20.o(i.DS18B20_GetTemperture) refers to dadd.o(.text) for __aeabi_drsub
    ds18b20.o(i.DS18B20_GetTemperture) refers to ddiv.o(.text) for __aeabi_ddiv
    ds18b20.o(i.DS18B20_GetTemperture) refers to log.o(i.log) for log
    ds18b20.o(i.Get_adc) refers to stm32f10x_adc.o(i.ADC_RegularChannelConfig) for ADC_RegularChannelConfig
    ds18b20.o(i.Get_adc) refers to stm32f10x_adc.o(i.ADC_SoftwareStartConvCmd) for ADC_SoftwareStartConvCmd
    ds18b20.o(i.Get_adc) refers to stm32f10x_adc.o(i.ADC_GetFlagStatus) for ADC_GetFlagStatus
    ds18b20.o(i.Get_adc) refers to stm32f10x_adc.o(i.ADC_GetConversionValue) for ADC_GetConversionValue
    ds18b20.o(i.Get_adc) refers to ffltui.o(.text) for __aeabi_ui2f
    ds18b20.o(i.Get_adcaverage) refers to ds18b20.o(i.Get_adc) for Get_adc
    ds18b20.o(i.Get_adcaverage) refers to ffltui.o(.text) for __aeabi_ui2f
    ds18b20.o(i.Get_adcaverage) refers to fadd.o(.text) for __aeabi_fadd
    ds18b20.o(i.Get_adcaverage) refers to ffixui.o(.text) for __aeabi_f2uiz
    ds18b20.o(i.Get_adcaverage) refers to systick.o(i.delay_ms) for delay_ms
    iic.o(i.SDA_IN) refers to stm32f10x_gpio.o(i.GPIO_Init) for GPIO_Init
    iic.o(i.SDA_OUT) refers to stm32f10x_gpio.o(i.GPIO_Init) for GPIO_Init
    iic.o(i.iic_ack) refers to iic.o(i.SDA_OUT) for SDA_OUT
    iic.o(i.iic_init) refers to stm32f10x_rcc.o(i.RCC_APB2PeriphClockCmd) for RCC_APB2PeriphClockCmd
    iic.o(i.iic_init) refers to stm32f10x_gpio.o(i.GPIO_Init) for GPIO_Init
    iic.o(i.iic_nack) refers to iic.o(i.SDA_OUT) for SDA_OUT
    iic.o(i.iic_read_byte) refers to iic.o(i.SDA_IN) for SDA_IN
    iic.o(i.iic_read_byte) refers to iic.o(i.iic_nack) for iic_nack
    iic.o(i.iic_read_byte) refers to iic.o(i.iic_ack) for iic_ack
    iic.o(i.iic_start) refers to iic.o(i.SDA_OUT) for SDA_OUT
    iic.o(i.iic_stop) refers to iic.o(i.SDA_OUT) for SDA_OUT
    iic.o(i.iic_wait_ack) refers to iic.o(i.SDA_IN) for SDA_IN
    iic.o(i.iic_wait_ack) refers to iic.o(i.iic_stop) for iic_stop
    iic.o(i.iic_write_byte) refers to iic.o(i.SDA_OUT) for SDA_OUT
    pcf8591.o(i.pcf8591_init) refers to iic.o(i.iic_init) for iic_init
    pcf8591.o(i.pcf8591_read_adcvalue) refers to pcf8591.o(i.pcf8591_write_data) for pcf8591_write_data
    pcf8591.o(i.pcf8591_read_adcvalue) refers to pcf8591.o(i.pcf8591_read_data) for pcf8591_read_data
    pcf8591.o(i.pcf8591_read_data) refers to iic.o(i.iic_start) for iic_start
    pcf8591.o(i.pcf8591_read_data) refers to iic.o(i.iic_write_byte) for iic_write_byte
    pcf8591.o(i.pcf8591_read_data) refers to iic.o(i.iic_wait_ack) for iic_wait_ack
    pcf8591.o(i.pcf8591_read_data) refers to iic.o(i.iic_read_byte) for iic_read_byte
    pcf8591.o(i.pcf8591_read_data) refers to iic.o(i.iic_stop) for iic_stop
    pcf8591.o(i.pcf8591_set_dac_out) refers to iic.o(i.iic_start) for iic_start
    pcf8591.o(i.pcf8591_set_dac_out) refers to iic.o(i.iic_write_byte) for iic_write_byte
    pcf8591.o(i.pcf8591_set_dac_out) refers to iic.o(i.iic_wait_ack) for iic_wait_ack
    pcf8591.o(i.pcf8591_set_dac_out) refers to iic.o(i.iic_stop) for iic_stop
    pcf8591.o(i.pcf8591_write_data) refers to iic.o(i.iic_start) for iic_start
    pcf8591.o(i.pcf8591_write_data) refers to iic.o(i.iic_write_byte) for iic_write_byte
    pcf8591.o(i.pcf8591_write_data) refers to iic.o(i.iic_wait_ack) for iic_wait_ack
    pcf8591.o(i.pcf8591_write_data) refers to iic.o(i.iic_stop) for iic_stop
    pid.o(i.PID_Calc) refers to fadd.o(.text) for __aeabi_fsub
    pid.o(i.PID_Calc) refers to fmul.o(.text) for __aeabi_fmul
    pid.o(i.PID_Calc) refers to fflti.o(.text) for __aeabi_i2f
    pid.o(i.PID_Calc) refers to fdiv.o(.text) for __aeabi_fdiv
    pid.o(i.PID_Calc) refers to cfcmple.o(.text) for __aeabi_cfcmple
    pid.o(i.PID_Calc) refers to pid.o(.bss) for pid
    pid.o(i.PID_Init) refers to pid.o(.bss) for pid
    pwm.o(i.TIM2_IRQHandler) refers to stm32f10x_tim.o(i.TIM_GetITStatus) for TIM_GetITStatus
    pwm.o(i.TIM2_IRQHandler) refers to stm32f10x_tim.o(i.TIM_ClearITPendingBit) for TIM_ClearITPendingBit
    pwm.o(i.TIM2_IRQHandler) refers to pid.o(.bss) for pid
    pwm.o(i.TimePwm_init) refers to stm32f10x_rcc.o(i.RCC_APB2PeriphClockCmd) for RCC_APB2PeriphClockCmd
    pwm.o(i.TimePwm_init) refers to stm32f10x_gpio.o(i.GPIO_PinRemapConfig) for GPIO_PinRemapConfig
    pwm.o(i.TimePwm_init) refers to stm32f10x_gpio.o(i.GPIO_Init) for GPIO_Init
    pwm.o(i.TimePwm_init) refers to stm32f10x_rcc.o(i.RCC_APB1PeriphClockCmd) for RCC_APB1PeriphClockCmd
    pwm.o(i.TimePwm_init) refers to stm32f10x_tim.o(i.TIM_TimeBaseInit) for TIM_TimeBaseInit
    pwm.o(i.TimePwm_init) refers to stm32f10x_tim.o(i.TIM_OC2Init) for TIM_OC2Init
    pwm.o(i.TimePwm_init) refers to stm32f10x_tim.o(i.TIM_OC2PreloadConfig) for TIM_OC2PreloadConfig
    pwm.o(i.TimePwm_init) refers to stm32f10x_tim.o(i.TIM_Cmd) for TIM_Cmd
    pwm.o(i.Time_init) refers to stm32f10x_rcc.o(i.RCC_APB1PeriphClockCmd) for RCC_APB1PeriphClockCmd
    pwm.o(i.Time_init) refers to misc.o(i.NVIC_PriorityGroupConfig) for NVIC_PriorityGroupConfig
    pwm.o(i.Time_init) refers to misc.o(i.NVIC_Init) for NVIC_Init
    pwm.o(i.Time_init) refers to stm32f10x_tim.o(i.TIM_TimeBaseInit) for TIM_TimeBaseInit
    pwm.o(i.Time_init) refers to stm32f10x_tim.o(i.TIM_ITConfig) for TIM_ITConfig
    pwm.o(i.Time_init) refers to stm32f10x_tim.o(i.TIM_ClearITPendingBit) for TIM_ClearITPendingBit
    pwm.o(i.Time_init) refers to stm32f10x_tim.o(i.TIM_Cmd) for TIM_Cmd
    app_demo.o(i.appdemo_show) refers to pwm.o(i.Time_init) for Time_init
    app_demo.o(i.appdemo_show) refers to key.o(i.KEY_Init) for KEY_Init
    app_demo.o(i.appdemo_show) refers to beep.o(i.BEEP_Init) for BEEP_Init
    app_demo.o(i.appdemo_show) refers to ds18b20.o(i.Adc_Init) for Adc_Init
    app_demo.o(i.appdemo_show) refers to app_demo.o(i.ctrl_pin_init) for ctrl_pin_init
    app_demo.o(i.appdemo_show) refers to pcf8591.o(i.pcf8591_init) for pcf8591_init
    app_demo.o(i.appdemo_show) refers to lcd1602.o(i.lcd1602_init) for lcd1602_init
    app_demo.o(i.appdemo_show) refers to pid.o(i.PID_Init) for PID_Init
    app_demo.o(i.appdemo_show) refers to ffixui.o(.text) for __aeabi_f2uiz
    app_demo.o(i.appdemo_show) refers to ds18b20.o(i.DS18B20_GetTemperture) for DS18B20_GetTemperture
    app_demo.o(i.appdemo_show) refers to app_demo.o(i.sys_open_show) for sys_open_show
    app_demo.o(i.appdemo_show) refers to pwm.o(i.TimePwm_init) for TimePwm_init
    app_demo.o(i.appdemo_show) refers to app_demo.o(i.sys_data_get) for sys_data_get
    app_demo.o(i.appdemo_show) refers to ffltui.o(.text) for __aeabi_ui2f
    app_demo.o(i.appdemo_show) refers to pid.o(i.PID_Calc) for PID_Calc
    app_demo.o(i.appdemo_show) refers to fflti.o(.text) for __aeabi_i2f
    app_demo.o(i.appdemo_show) refers to fmul.o(.text) for __aeabi_fmul
    app_demo.o(i.appdemo_show) refers to fdiv.o(.text) for __aeabi_fdiv
    app_demo.o(i.appdemo_show) refers to fadd.o(.text) for __aeabi_fsub
    app_demo.o(i.appdemo_show) refers to stm32f10x_tim.o(i.TIM_SetCompare2) for TIM_SetCompare2
    app_demo.o(i.appdemo_show) refers to app_demo.o(i.sys_data_show) for sys_data_show
    app_demo.o(i.appdemo_show) refers to app_demo.o(i.sys_data_set) for sys_data_set
    app_demo.o(i.appdemo_show) refers to app_demo.o(i.sys_fun_ctrl) for sys_fun_ctrl
    app_demo.o(i.appdemo_show) refers to app_demo.o(.data) for adcx
    app_demo.o(i.appdemo_show) refers to pid.o(.bss) for pid
    app_demo.o(i.ctrl_pin_init) refers to stm32f10x_rcc.o(i.RCC_APB2PeriphClockCmd) for RCC_APB2PeriphClockCmd
    app_demo.o(i.ctrl_pin_init) refers to stm32f10x_gpio.o(i.GPIO_Init) for GPIO_Init
    app_demo.o(i.ctrl_pin_init) refers to stm32f10x_gpio.o(i.GPIO_SetBits) for GPIO_SetBits
    app_demo.o(i.sys_data_get) refers to ds18b20.o(i.Get_adcaverage) for Get_adcaverage
    app_demo.o(i.sys_data_get) refers to ffltui.o(.text) for __aeabi_ui2f
    app_demo.o(i.sys_data_get) refers to ffixui.o(.text) for __aeabi_f2uiz
    app_demo.o(i.sys_data_get) refers to ds18b20.o(i.DS18B20_GetTemperture) for DS18B20_GetTemperture
    app_demo.o(i.sys_data_get) refers to app_demo.o(.data) for adcx
    app_demo.o(i.sys_data_get) refers to pid.o(.bss) for pid
    app_demo.o(i.sys_data_set) refers to key.o(i.KEY_Scan) for KEY_Scan
    app_demo.o(i.sys_data_set) refers to app_demo.o(.data) for set
    app_demo.o(i.sys_data_show) refers to lcd1602.o(i.lcd1602_show_nums) for lcd1602_show_nums
    app_demo.o(i.sys_data_show) refers to pid.o(i.PID_Calc) for PID_Calc
    app_demo.o(i.sys_data_show) refers to lcd1602.o(i.lcd1602_show_num) for lcd1602_show_num
    app_demo.o(i.sys_data_show) refers to app_demo.o(.data) for wd
    app_demo.o(i.sys_fun_ctrl) refers to app_demo.o(.data) for sz
    app_demo.o(i.sys_open_show) refers to lcd1602.o(i.lcd1602_clear) for lcd1602_clear
    app_demo.o(i.sys_open_show) refers to lcd1602.o(i.lcd1602_show_string) for lcd1602_show_string
    log.o(i.__softfp_log) refers (Special) to iusefp.o(.text) for __I$use$fp
    log.o(i.__softfp_log) refers to log.o(i.log) for log
    log.o(i.log) refers (Special) to iusefp.o(.text) for __I$use$fp
    log.o(i.log) refers to dunder.o(i.__mathlib_dbl_infnan) for __mathlib_dbl_infnan
    log.o(i.log) refers to errno.o(i.__set_errno) for __set_errno
    log.o(i.log) refers to dunder.o(i.__mathlib_dbl_invalid) for __mathlib_dbl_invalid
    log.o(i.log) refers to dunder.o(i.__mathlib_dbl_divzero) for __mathlib_dbl_divzero
    log.o(i.log) refers to dscalb.o(.text) for __ARM_scalbn
    log.o(i.log) refers to dadd.o(.text) for __aeabi_dsub
    log.o(i.log) refers to cdcmple.o(.text) for __aeabi_cdcmpeq
    log.o(i.log) refers to dflti.o(.text) for __aeabi_i2d
    log.o(i.log) refers to dmul.o(.text) for __aeabi_dmul
    log.o(i.log) refers to ddiv.o(.text) for __aeabi_ddiv
    log.o(i.log) refers to poly.o(i.__kernel_poly) for __kernel_poly
    log.o(i.log) refers to qnan.o(.constdata) for __mathlib_zero
    log.o(i.log) refers to log.o(.constdata) for .constdata
    log.o(.constdata) refers (Special) to iusefp.o(.text) for __I$use$fp
    log_x.o(i.____softfp_log$lsc) refers (Special) to iusefp.o(.text) for __I$use$fp
    log_x.o(i.____softfp_log$lsc) refers to log_x.o(i.__log$lsc) for __log$lsc
    log_x.o(i.__log$lsc) refers (Special) to iusefp.o(.text) for __I$use$fp
    log_x.o(i.__log$lsc) refers to dunder.o(i.__mathlib_dbl_infnan) for __mathlib_dbl_infnan
    log_x.o(i.__log$lsc) refers to errno.o(i.__set_errno) for __set_errno
    log_x.o(i.__log$lsc) refers to dscalb.o(.text) for __ARM_scalbn
    log_x.o(i.__log$lsc) refers to dadd.o(.text) for __aeabi_dsub
    log_x.o(i.__log$lsc) refers to cdcmple.o(.text) for __aeabi_cdcmpeq
    log_x.o(i.__log$lsc) refers to dflti.o(.text) for __aeabi_i2d
    log_x.o(i.__log$lsc) refers to dmul.o(.text) for __aeabi_dmul
    log_x.o(i.__log$lsc) refers to ddiv.o(.text) for __aeabi_ddiv
    log_x.o(i.__log$lsc) refers to poly.o(i.__kernel_poly) for __kernel_poly
    log_x.o(i.__log$lsc) refers to qnan.o(.constdata) for __mathlib_zero
    log_x.o(i.__log$lsc) refers to log_x.o(.constdata) for .constdata
    log_x.o(.constdata) refers (Special) to iusefp.o(.text) for __I$use$fp
    entry.o(.ARM.Collect$$$$00000000) refers (Special) to entry10a.o(.ARM.Collect$$$$0000000F) for __rt_final_cpp
    entry.o(.ARM.Collect$$$$00000000) refers (Special) to entry11a.o(.ARM.Collect$$$$00000011) for __rt_final_exit
    entry.o(.ARM.Collect$$$$00000000) refers (Special) to entry12b.o(.ARM.Collect$$$$0000000E) for __rt_lib_shutdown_fini
    entry.o(.ARM.Collect$$$$00000000) refers (Special) to entry7b.o(.ARM.Collect$$$$00000008) for _main_clock
    entry.o(.ARM.Collect$$$$00000000) refers (Special) to entry8b.o(.ARM.Collect$$$$0000000A) for _main_cpp_init
    entry.o(.ARM.Collect$$$$00000000) refers (Special) to entry9a.o(.ARM.Collect$$$$0000000B) for _main_init
    entry.o(.ARM.Collect$$$$00000000) refers (Special) to entry5.o(.ARM.Collect$$$$00000004) for _main_scatterload
    entry.o(.ARM.Collect$$$$00000000) refers (Special) to entry2.o(.ARM.Collect$$$$00000001) for _main_stk
    fadd.o(.text) refers (Special) to iusefp.o(.text) for __I$use$fp
    fadd.o(.text) refers to fepilogue.o(.text) for _float_epilogue
    fmul.o(.text) refers (Special) to iusefp.o(.text) for __I$use$fp
    fdiv.o(.text) refers (Special) to iusefp.o(.text) for __I$use$fp
    fdiv.o(.text) refers to fepilogue.o(.text) for _float_round
    dadd.o(.text) refers (Special) to iusefp.o(.text) for __I$use$fp
    dadd.o(.text) refers to llshl.o(.text) for __aeabi_llsl
    dadd.o(.text) refers to llsshr.o(.text) for __aeabi_lasr
    dadd.o(.text) refers to depilogue.o(.text) for _double_epilogue
    dmul.o(.text) refers (Special) to iusefp.o(.text) for __I$use$fp
    dmul.o(.text) refers to depilogue.o(.text) for _double_epilogue
    ddiv.o(.text) refers (Special) to iusefp.o(.text) for __I$use$fp
    ddiv.o(.text) refers to depilogue.o(.text) for _double_round
    fflti.o(.text) refers (Special) to iusefp.o(.text) for __I$use$fp
    fflti.o(.text) refers to fepilogue.o(.text) for _float_epilogue
    ffltui.o(.text) refers (Special) to iusefp.o(.text) for __I$use$fp
    ffltui.o(.text) refers to fepilogue.o(.text) for _float_epilogue
    ffixui.o(.text) refers (Special) to iusefp.o(.text) for __I$use$fp
    f2d.o(.text) refers (Special) to iusefp.o(.text) for __I$use$fp
    d2f.o(.text) refers (Special) to iusefp.o(.text) for __I$use$fp
    d2f.o(.text) refers to fepilogue.o(.text) for _float_round
    cfcmple.o(.text) refers (Special) to iusefp.o(.text) for __I$use$fp
    dunder.o(i.__mathlib_dbl_divzero) refers to ddiv.o(.text) for __aeabi_ddiv
    dunder.o(i.__mathlib_dbl_infnan) refers to dscalb.o(.text) for __ARM_scalbn
    dunder.o(i.__mathlib_dbl_infnan2) refers to dadd.o(.text) for __aeabi_dadd
    dunder.o(i.__mathlib_dbl_invalid) refers to ddiv.o(.text) for __aeabi_ddiv
    dunder.o(i.__mathlib_dbl_overflow) refers to dscalb.o(.text) for __ARM_scalbn
    dunder.o(i.__mathlib_dbl_posinfnan) refers to dmul.o(.text) for __aeabi_dmul
    dunder.o(i.__mathlib_dbl_underflow) refers to dscalb.o(.text) for __ARM_scalbn
    poly.o(i.__kernel_poly) refers (Special) to iusefp.o(.text) for __I$use$fp
    poly.o(i.__kernel_poly) refers to dmul.o(.text) for __aeabi_dmul
    poly.o(i.__kernel_poly) refers to dadd.o(.text) for __aeabi_dadd
    qnan.o(.constdata) refers (Special) to iusefp.o(.text) for __I$use$fp
    entry2.o(.ARM.Collect$$$$00000001) refers to entry2.o(.ARM.Collect$$$$00002712) for __lit__00000000
    entry2.o(.ARM.Collect$$$$00002712) refers to startup_stm32f10x_md.o(STACK) for __initial_sp
    entry2.o(__vectab_stack_and_reset_area) refers to startup_stm32f10x_md.o(STACK) for __initial_sp
    entry2.o(__vectab_stack_and_reset_area) refers to entry.o(.ARM.Collect$$$$00000000) for __main
    entry5.o(.ARM.Collect$$$$00000004) refers to init.o(.text) for __scatterload
    entry9a.o(.ARM.Collect$$$$0000000B) refers to main.o(i.main) for main
    entry9b.o(.ARM.Collect$$$$0000000C) refers to main.o(i.main) for main
    errno.o(i.__aeabi_errno_addr) refers to errno.o(.data) for .data
    errno.o(i.__read_errno) refers to errno.o(.data) for .data
    errno.o(i.__set_errno) refers to errno.o(.data) for .data
    depilogue.o(.text) refers to llshl.o(.text) for __aeabi_llsl
    depilogue.o(.text) refers to llushr.o(.text) for __aeabi_llsr
    dflti.o(.text) refers to depilogue.o(.text) for _double_epilogue
    init.o(.text) refers to entry5.o(.ARM.Collect$$$$00000004) for __main_after_scatterload


==============================================================================

Removing Unused input sections from the image.

    Removing startup_stm32f10x_md.o(HEAP), (512 bytes).
    Removing stm32f10x_gpio.o(i.GPIO_AFIODeInit), (20 bytes).
    Removing stm32f10x_gpio.o(i.GPIO_DeInit), (200 bytes).
    Removing stm32f10x_gpio.o(i.GPIO_ETH_MediaInterfaceConfig), (12 bytes).
    Removing stm32f10x_gpio.o(i.GPIO_EXTILineConfig), (64 bytes).
    Removing stm32f10x_gpio.o(i.GPIO_EventOutputCmd), (12 bytes).
    Removing stm32f10x_gpio.o(i.GPIO_EventOutputConfig), (32 bytes).
    Removing stm32f10x_gpio.o(i.GPIO_PinLockConfig), (18 bytes).
    Removing stm32f10x_gpio.o(i.GPIO_ReadInputData), (8 bytes).
    Removing stm32f10x_gpio.o(i.GPIO_ReadInputDataBit), (18 bytes).
    Removing stm32f10x_gpio.o(i.GPIO_ReadOutputData), (8 bytes).
    Removing stm32f10x_gpio.o(i.GPIO_ReadOutputDataBit), (18 bytes).
    Removing stm32f10x_gpio.o(i.GPIO_ResetBits), (4 bytes).
    Removing stm32f10x_gpio.o(i.GPIO_StructInit), (16 bytes).
    Removing stm32f10x_gpio.o(i.GPIO_WriteBit), (10 bytes).
    Removing stm32f10x_rcc.o(i.RCC_AHBPeriphClockCmd), (32 bytes).
    Removing stm32f10x_rcc.o(i.RCC_APB1PeriphResetCmd), (32 bytes).
    Removing stm32f10x_rcc.o(i.RCC_AdjustHSICalibrationValue), (24 bytes).
    Removing stm32f10x_rcc.o(i.RCC_BackupResetCmd), (12 bytes).
    Removing stm32f10x_rcc.o(i.RCC_ClearFlag), (20 bytes).
    Removing stm32f10x_rcc.o(i.RCC_ClearITPendingBit), (12 bytes).
    Removing stm32f10x_rcc.o(i.RCC_ClockSecuritySystemCmd), (12 bytes).
    Removing stm32f10x_rcc.o(i.RCC_DeInit), (76 bytes).
    Removing stm32f10x_rcc.o(i.RCC_GetClocksFreq), (212 bytes).
    Removing stm32f10x_rcc.o(i.RCC_GetFlagStatus), (60 bytes).
    Removing stm32f10x_rcc.o(i.RCC_GetITStatus), (24 bytes).
    Removing stm32f10x_rcc.o(i.RCC_GetSYSCLKSource), (16 bytes).
    Removing stm32f10x_rcc.o(i.RCC_HCLKConfig), (24 bytes).
    Removing stm32f10x_rcc.o(i.RCC_HSEConfig), (76 bytes).
    Removing stm32f10x_rcc.o(i.RCC_HSICmd), (12 bytes).
    Removing stm32f10x_rcc.o(i.RCC_ITConfig), (32 bytes).
    Removing stm32f10x_rcc.o(i.RCC_LSEConfig), (52 bytes).
    Removing stm32f10x_rcc.o(i.RCC_LSICmd), (12 bytes).
    Removing stm32f10x_rcc.o(i.RCC_MCOConfig), (12 bytes).
    Removing stm32f10x_rcc.o(i.RCC_PCLK1Config), (24 bytes).
    Removing stm32f10x_rcc.o(i.RCC_PCLK2Config), (24 bytes).
    Removing stm32f10x_rcc.o(i.RCC_PLLCmd), (12 bytes).
    Removing stm32f10x_rcc.o(i.RCC_PLLConfig), (28 bytes).
    Removing stm32f10x_rcc.o(i.RCC_RTCCLKCmd), (12 bytes).
    Removing stm32f10x_rcc.o(i.RCC_RTCCLKConfig), (16 bytes).
    Removing stm32f10x_rcc.o(i.RCC_USBCLKConfig), (12 bytes).
    Removing stm32f10x_rcc.o(i.RCC_WaitForHSEStartUp), (56 bytes).
    Removing stm32f10x_rcc.o(.data), (20 bytes).
    Removing misc.o(i.NVIC_SetVectorTable), (20 bytes).
    Removing misc.o(i.NVIC_SystemLPConfig), (32 bytes).
    Removing misc.o(i.SysTick_CLKSourceConfig), (40 bytes).
    Removing stm32f10x_exti.o(i.EXTI_ClearFlag), (12 bytes).
    Removing stm32f10x_exti.o(i.EXTI_ClearITPendingBit), (12 bytes).
    Removing stm32f10x_exti.o(i.EXTI_DeInit), (36 bytes).
    Removing stm32f10x_exti.o(i.EXTI_GenerateSWInterrupt), (16 bytes).
    Removing stm32f10x_exti.o(i.EXTI_GetFlagStatus), (24 bytes).
    Removing stm32f10x_exti.o(i.EXTI_GetITStatus), (40 bytes).
    Removing stm32f10x_exti.o(i.EXTI_Init), (148 bytes).
    Removing stm32f10x_exti.o(i.EXTI_StructInit), (16 bytes).
    Removing stm32f10x_tim.o(i.TI1_Config), (128 bytes).
    Removing stm32f10x_tim.o(i.TI2_Config), (152 bytes).
    Removing stm32f10x_tim.o(i.TI3_Config), (144 bytes).
    Removing stm32f10x_tim.o(i.TI4_Config), (152 bytes).
    Removing stm32f10x_tim.o(i.TIM_ARRPreloadConfig), (24 bytes).
    Removing stm32f10x_tim.o(i.TIM_BDTRConfig), (32 bytes).
    Removing stm32f10x_tim.o(i.TIM_BDTRStructInit), (18 bytes).
    Removing stm32f10x_tim.o(i.TIM_CCPreloadControl), (24 bytes).
    Removing stm32f10x_tim.o(i.TIM_CCxCmd), (30 bytes).
    Removing stm32f10x_tim.o(i.TIM_CCxNCmd), (30 bytes).
    Removing stm32f10x_tim.o(i.TIM_ClearFlag), (6 bytes).
    Removing stm32f10x_tim.o(i.TIM_ClearOC1Ref), (18 bytes).
    Removing stm32f10x_tim.o(i.TIM_ClearOC2Ref), (24 bytes).
    Removing stm32f10x_tim.o(i.TIM_ClearOC3Ref), (18 bytes).
    Removing stm32f10x_tim.o(i.TIM_ClearOC4Ref), (24 bytes).
    Removing stm32f10x_tim.o(i.TIM_CounterModeConfig), (18 bytes).
    Removing stm32f10x_tim.o(i.TIM_CtrlPWMOutputs), (30 bytes).
    Removing stm32f10x_tim.o(i.TIM_DMACmd), (18 bytes).
    Removing stm32f10x_tim.o(i.TIM_DMAConfig), (10 bytes).
    Removing stm32f10x_tim.o(i.TIM_DeInit), (488 bytes).
    Removing stm32f10x_tim.o(i.TIM_ETRClockMode1Config), (54 bytes).
    Removing stm32f10x_tim.o(i.TIM_ETRClockMode2Config), (32 bytes).
    Removing stm32f10x_tim.o(i.TIM_ETRConfig), (28 bytes).
    Removing stm32f10x_tim.o(i.TIM_EncoderInterfaceConfig), (66 bytes).
    Removing stm32f10x_tim.o(i.TIM_ForcedOC1Config), (18 bytes).
    Removing stm32f10x_tim.o(i.TIM_ForcedOC2Config), (26 bytes).
    Removing stm32f10x_tim.o(i.TIM_ForcedOC3Config), (18 bytes).
    Removing stm32f10x_tim.o(i.TIM_ForcedOC4Config), (26 bytes).
    Removing stm32f10x_tim.o(i.TIM_GenerateEvent), (4 bytes).
    Removing stm32f10x_tim.o(i.TIM_GetCapture1), (6 bytes).
    Removing stm32f10x_tim.o(i.TIM_GetCapture2), (6 bytes).
    Removing stm32f10x_tim.o(i.TIM_GetCapture3), (6 bytes).
    Removing stm32f10x_tim.o(i.TIM_GetCapture4), (8 bytes).
    Removing stm32f10x_tim.o(i.TIM_GetCounter), (6 bytes).
    Removing stm32f10x_tim.o(i.TIM_GetFlagStatus), (18 bytes).
    Removing stm32f10x_tim.o(i.TIM_GetPrescaler), (6 bytes).
    Removing stm32f10x_tim.o(i.TIM_ICInit), (172 bytes).
    Removing stm32f10x_tim.o(i.TIM_ICStructInit), (18 bytes).
    Removing stm32f10x_tim.o(i.TIM_ITRxExternalClockConfig), (24 bytes).
    Removing stm32f10x_tim.o(i.TIM_InternalClockConfig), (12 bytes).
    Removing stm32f10x_tim.o(i.TIM_OC1FastConfig), (18 bytes).
    Removing stm32f10x_tim.o(i.TIM_OC1Init), (152 bytes).
    Removing stm32f10x_tim.o(i.TIM_OC1NPolarityConfig), (18 bytes).
    Removing stm32f10x_tim.o(i.TIM_OC1PolarityConfig), (18 bytes).
    Removing stm32f10x_tim.o(i.TIM_OC1PreloadConfig), (18 bytes).
    Removing stm32f10x_tim.o(i.TIM_OC2FastConfig), (26 bytes).
    Removing stm32f10x_tim.o(i.TIM_OC2NPolarityConfig), (26 bytes).
    Removing stm32f10x_tim.o(i.TIM_OC2PolarityConfig), (26 bytes).
    Removing stm32f10x_tim.o(i.TIM_OC3FastConfig), (18 bytes).
    Removing stm32f10x_tim.o(i.TIM_OC3Init), (160 bytes).
    Removing stm32f10x_tim.o(i.TIM_OC3NPolarityConfig), (26 bytes).
    Removing stm32f10x_tim.o(i.TIM_OC3PolarityConfig), (26 bytes).
    Removing stm32f10x_tim.o(i.TIM_OC3PreloadConfig), (18 bytes).
    Removing stm32f10x_tim.o(i.TIM_OC4FastConfig), (26 bytes).
    Removing stm32f10x_tim.o(i.TIM_OC4Init), (124 bytes).
    Removing stm32f10x_tim.o(i.TIM_OC4PolarityConfig), (26 bytes).
    Removing stm32f10x_tim.o(i.TIM_OC4PreloadConfig), (26 bytes).
    Removing stm32f10x_tim.o(i.TIM_OCStructInit), (20 bytes).
    Removing stm32f10x_tim.o(i.TIM_PWMIConfig), (124 bytes).
    Removing stm32f10x_tim.o(i.TIM_PrescalerConfig), (6 bytes).
    Removing stm32f10x_tim.o(i.TIM_SelectCCDMA), (24 bytes).
    Removing stm32f10x_tim.o(i.TIM_SelectCOM), (24 bytes).
    Removing stm32f10x_tim.o(i.TIM_SelectHallSensor), (24 bytes).
    Removing stm32f10x_tim.o(i.TIM_SelectInputTrigger), (18 bytes).
    Removing stm32f10x_tim.o(i.TIM_SelectMasterSlaveMode), (18 bytes).
    Removing stm32f10x_tim.o(i.TIM_SelectOCxM), (82 bytes).
    Removing stm32f10x_tim.o(i.TIM_SelectOnePulseMode), (18 bytes).
    Removing stm32f10x_tim.o(i.TIM_SelectOutputTrigger), (18 bytes).
    Removing stm32f10x_tim.o(i.TIM_SelectSlaveMode), (18 bytes).
    Removing stm32f10x_tim.o(i.TIM_SetAutoreload), (4 bytes).
    Removing stm32f10x_tim.o(i.TIM_SetClockDivision), (18 bytes).
    Removing stm32f10x_tim.o(i.TIM_SetCompare1), (4 bytes).
    Removing stm32f10x_tim.o(i.TIM_SetCompare3), (4 bytes).
    Removing stm32f10x_tim.o(i.TIM_SetCompare4), (6 bytes).
    Removing stm32f10x_tim.o(i.TIM_SetCounter), (4 bytes).
    Removing stm32f10x_tim.o(i.TIM_SetIC1Prescaler), (18 bytes).
    Removing stm32f10x_tim.o(i.TIM_SetIC2Prescaler), (26 bytes).
    Removing stm32f10x_tim.o(i.TIM_SetIC3Prescaler), (18 bytes).
    Removing stm32f10x_tim.o(i.TIM_SetIC4Prescaler), (26 bytes).
    Removing stm32f10x_tim.o(i.TIM_TIxExternalClockConfig), (62 bytes).
    Removing stm32f10x_tim.o(i.TIM_TimeBaseStructInit), (18 bytes).
    Removing stm32f10x_tim.o(i.TIM_UpdateDisableConfig), (24 bytes).
    Removing stm32f10x_tim.o(i.TIM_UpdateRequestConfig), (24 bytes).
    Removing stm32f10x_flash.o(i.FLASH_ClearFlag), (12 bytes).
    Removing stm32f10x_flash.o(i.FLASH_EnableWriteProtection), (196 bytes).
    Removing stm32f10x_flash.o(i.FLASH_EraseAllBank1Pages), (72 bytes).
    Removing stm32f10x_flash.o(i.FLASH_EraseAllPages), (72 bytes).
    Removing stm32f10x_flash.o(i.FLASH_EraseOptionBytes), (168 bytes).
    Removing stm32f10x_flash.o(i.FLASH_ErasePage), (76 bytes).
    Removing stm32f10x_flash.o(i.FLASH_GetBank1Status), (52 bytes).
    Removing stm32f10x_flash.o(i.FLASH_GetFlagStatus), (48 bytes).
    Removing stm32f10x_flash.o(i.FLASH_GetPrefetchBufferStatus), (24 bytes).
    Removing stm32f10x_flash.o(i.FLASH_GetReadOutProtectionStatus), (24 bytes).
    Removing stm32f10x_flash.o(i.FLASH_GetStatus), (52 bytes).
    Removing stm32f10x_flash.o(i.FLASH_GetUserOptionByte), (12 bytes).
    Removing stm32f10x_flash.o(i.FLASH_GetWriteProtectionOptionByte), (12 bytes).
    Removing stm32f10x_flash.o(i.FLASH_HalfCycleAccessCmd), (28 bytes).
    Removing stm32f10x_flash.o(i.FLASH_ITConfig), (32 bytes).
    Removing stm32f10x_flash.o(i.FLASH_Lock), (20 bytes).
    Removing stm32f10x_flash.o(i.FLASH_LockBank1), (20 bytes).
    Removing stm32f10x_flash.o(i.FLASH_PrefetchBufferCmd), (28 bytes).
    Removing stm32f10x_flash.o(i.FLASH_ProgramHalfWord), (64 bytes).
    Removing stm32f10x_flash.o(i.FLASH_ProgramOptionByteData), (84 bytes).
    Removing stm32f10x_flash.o(i.FLASH_ProgramWord), (108 bytes).
    Removing stm32f10x_flash.o(i.FLASH_ReadOutProtection), (172 bytes).
    Removing stm32f10x_flash.o(i.FLASH_SetLatency), (24 bytes).
    Removing stm32f10x_flash.o(i.FLASH_Unlock), (24 bytes).
    Removing stm32f10x_flash.o(i.FLASH_UnlockBank1), (24 bytes).
    Removing stm32f10x_flash.o(i.FLASH_UserOptionByteConfig), (104 bytes).
    Removing stm32f10x_flash.o(i.FLASH_WaitForLastBank1Operation), (38 bytes).
    Removing stm32f10x_flash.o(i.FLASH_WaitForLastOperation), (38 bytes).
    Removing stm32f10x_adc.o(i.ADC_AnalogWatchdogCmd), (20 bytes).
    Removing stm32f10x_adc.o(i.ADC_AnalogWatchdogSingleChannelConfig), (16 bytes).
    Removing stm32f10x_adc.o(i.ADC_AnalogWatchdogThresholdsConfig), (6 bytes).
    Removing stm32f10x_adc.o(i.ADC_AutoInjectedConvCmd), (22 bytes).
    Removing stm32f10x_adc.o(i.ADC_ClearFlag), (6 bytes).
    Removing stm32f10x_adc.o(i.ADC_ClearITPendingBit), (10 bytes).
    Removing stm32f10x_adc.o(i.ADC_DMACmd), (22 bytes).
    Removing stm32f10x_adc.o(i.ADC_DiscModeChannelCountConfig), (24 bytes).
    Removing stm32f10x_adc.o(i.ADC_DiscModeCmd), (22 bytes).
    Removing stm32f10x_adc.o(i.ADC_ExternalTrigConvCmd), (22 bytes).
    Removing stm32f10x_adc.o(i.ADC_ExternalTrigInjectedConvCmd), (22 bytes).
    Removing stm32f10x_adc.o(i.ADC_ExternalTrigInjectedConvConfig), (16 bytes).
    Removing stm32f10x_adc.o(i.ADC_GetDualModeConversionValue), (12 bytes).
    Removing stm32f10x_adc.o(i.ADC_GetITStatus), (36 bytes).
    Removing stm32f10x_adc.o(i.ADC_GetInjectedConversionValue), (28 bytes).
    Removing stm32f10x_adc.o(i.ADC_GetSoftwareStartConvStatus), (20 bytes).
    Removing stm32f10x_adc.o(i.ADC_GetSoftwareStartInjectedConvCmdStatus), (20 bytes).
    Removing stm32f10x_adc.o(i.ADC_ITConfig), (24 bytes).
    Removing stm32f10x_adc.o(i.ADC_InjectedChannelConfig), (130 bytes).
    Removing stm32f10x_adc.o(i.ADC_InjectedDiscModeCmd), (22 bytes).
    Removing stm32f10x_adc.o(i.ADC_InjectedSequencerLengthConfig), (24 bytes).
    Removing stm32f10x_adc.o(i.ADC_SetInjectedOffset), (20 bytes).
    Removing stm32f10x_adc.o(i.ADC_SoftwareStartInjectedConvCmd), (22 bytes).
    Removing stm32f10x_adc.o(i.ADC_StructInit), (18 bytes).
    Removing stm32f10x_adc.o(i.ADC_TempSensorVrefintCmd), (36 bytes).
    Removing system_stm32f10x.o(i.SystemCoreClockUpdate), (164 bytes).
    Removing system_stm32f10x.o(.data), (20 bytes).
    Removing core_cm3.o(.emb_text), (32 bytes).
    Removing beep.o(i.beep_alarm), (52 bytes).
    Removing iic.o(i.SDA_IN), (28 bytes).
    Removing iic.o(i.SDA_OUT), (36 bytes).
    Removing iic.o(i.iic_ack), (44 bytes).
    Removing iic.o(i.iic_nack), (44 bytes).
    Removing iic.o(i.iic_read_byte), (76 bytes).
    Removing iic.o(i.iic_start), (40 bytes).
    Removing iic.o(i.iic_stop), (40 bytes).
    Removing iic.o(i.iic_wait_ack), (68 bytes).
    Removing iic.o(i.iic_write_byte), (80 bytes).
    Removing pcf8591.o(i.pcf8591_read_adcvalue), (22 bytes).
    Removing pcf8591.o(i.pcf8591_read_data), (34 bytes).
    Removing pcf8591.o(i.pcf8591_set_dac_out), (44 bytes).
    Removing pcf8591.o(i.pcf8591_write_data), (36 bytes).
    Removing systick.o(i.delay_us), (12 bytes).
    Removing app_demo.o(i.cal_map), (24 bytes).

209 unused section(s) (total 8792 bytes) removed from the image.

==============================================================================

Image Symbol Table

    Local Symbols

    Symbol Name                              Value     Ov Type        Size  Object(Section)

    ../clib/microlib/errno.c                 0x00000000   Number         0  errno.o ABSOLUTE
    ../clib/microlib/init/entry.s            0x00000000   Number         0  entry.o ABSOLUTE
    ../clib/microlib/init/entry.s            0x00000000   Number         0  entry8b.o ABSOLUTE
    ../clib/microlib/init/entry.s            0x00000000   Number         0  entry2.o ABSOLUTE
    ../clib/microlib/init/entry.s            0x00000000   Number         0  entry7a.o ABSOLUTE
    ../clib/microlib/init/entry.s            0x00000000   Number         0  entry8a.o ABSOLUTE
    ../clib/microlib/init/entry.s            0x00000000   Number         0  entry7b.o ABSOLUTE
    ../clib/microlib/init/entry.s            0x00000000   Number         0  entry9a.o ABSOLUTE
    ../clib/microlib/init/entry.s            0x00000000   Number         0  entry5.o ABSOLUTE
    ../clib/microlib/init/entry.s            0x00000000   Number         0  entry11a.o ABSOLUTE
    ../clib/microlib/init/entry.s            0x00000000   Number         0  entry10b.o ABSOLUTE
    ../clib/microlib/init/entry.s            0x00000000   Number         0  entry12a.o ABSOLUTE
    ../clib/microlib/init/entry.s            0x00000000   Number         0  entry12b.o ABSOLUTE
    ../clib/microlib/init/entry.s            0x00000000   Number         0  entry10a.o ABSOLUTE
    ../clib/microlib/init/entry.s            0x00000000   Number         0  entry11b.o ABSOLUTE
    ../clib/microlib/init/entry.s            0x00000000   Number         0  entry9b.o ABSOLUTE
    ../clib/microlib/longlong.c              0x00000000   Number         0  llsshr.o ABSOLUTE
    ../clib/microlib/longlong.c              0x00000000   Number         0  llushr.o ABSOLUTE
    ../clib/microlib/longlong.c              0x00000000   Number         0  llshl.o ABSOLUTE
    ../clib/microlib/stubs.s                 0x00000000   Number         0  iusefp.o ABSOLUTE
    ../fplib/microlib/d2f.c                  0x00000000   Number         0  d2f.o ABSOLUTE
    ../fplib/microlib/f2d.c                  0x00000000   Number         0  f2d.o ABSOLUTE
    ../fplib/microlib/fpadd.c                0x00000000   Number         0  fadd.o ABSOLUTE
    ../fplib/microlib/fpadd.c                0x00000000   Number         0  dadd.o ABSOLUTE
    ../fplib/microlib/fpdiv.c                0x00000000   Number         0  ddiv.o ABSOLUTE
    ../fplib/microlib/fpdiv.c                0x00000000   Number         0  fdiv.o ABSOLUTE
    ../fplib/microlib/fpepilogue.c           0x00000000   Number         0  depilogue.o ABSOLUTE
    ../fplib/microlib/fpepilogue.c           0x00000000   Number         0  fepilogue.o ABSOLUTE
    ../fplib/microlib/fpfix.c                0x00000000   Number         0  ffixui.o ABSOLUTE
    ../fplib/microlib/fpflt.c                0x00000000   Number         0  fflti.o ABSOLUTE
    ../fplib/microlib/fpflt.c                0x00000000   Number         0  dflti.o ABSOLUTE
    ../fplib/microlib/fpflt.c                0x00000000   Number         0  ffltui.o ABSOLUTE
    ../fplib/microlib/fpmul.c                0x00000000   Number         0  fmul.o ABSOLUTE
    ../fplib/microlib/fpmul.c                0x00000000   Number         0  dmul.o ABSOLUTE
    ../fplib/microlib/fpscalb.c              0x00000000   Number         0  dscalb.o ABSOLUTE
    ../mathlib/dunder.c                      0x00000000   Number         0  dunder.o ABSOLUTE
    ../mathlib/log.c                         0x00000000   Number         0  log.o ABSOLUTE
    ../mathlib/log.c                         0x00000000   Number         0  log_x.o ABSOLUTE
    ../mathlib/poly.c                        0x00000000   Number         0  poly.o ABSOLUTE
    ../mathlib/qnan.c                        0x00000000   Number         0  qnan.o ABSOLUTE
    APP\beep\beep.c                          0x00000000   Number         0  beep.o ABSOLUTE
    APP\bridge\bridge.c                      0x00000000   Number         0  bridge.o ABSOLUTE
    APP\ds18b20\ds18b20.c                    0x00000000   Number         0  ds18b20.o ABSOLUTE
    APP\iic\iic.c                            0x00000000   Number         0  iic.o ABSOLUTE
    APP\key\key.c                            0x00000000   Number         0  key.o ABSOLUTE
    APP\lcd1602\lcd1602.c                    0x00000000   Number         0  lcd1602.o ABSOLUTE
    APP\pcf8591\pcf8591.c                    0x00000000   Number         0  pcf8591.o ABSOLUTE
    APP\pid\pid.c                            0x00000000   Number         0  pid.o ABSOLUTE
    APP\pwm\pwm.c                            0x00000000   Number         0  pwm.o ABSOLUTE
    App_demo\app_demo.c                      0x00000000   Number         0  app_demo.o ABSOLUTE
    Libraries\CMSIS\core_cm3.c               0x00000000   Number         0  core_cm3.o ABSOLUTE
    Libraries\CMSIS\startup_stm32f10x_md.s   0x00000000   Number         0  startup_stm32f10x_md.o ABSOLUTE
    Libraries\CMSIS\system_stm32f10x.c       0x00000000   Number         0  system_stm32f10x.o ABSOLUTE
    Libraries\STM32F10x_StdPeriph_Driver\src\misc.c 0x00000000   Number         0  misc.o ABSOLUTE
    Libraries\STM32F10x_StdPeriph_Driver\src\stm32f10x_adc.c 0x00000000   Number         0  stm32f10x_adc.o ABSOLUTE
    Libraries\STM32F10x_StdPeriph_Driver\src\stm32f10x_exti.c 0x00000000   Number         0  stm32f10x_exti.o ABSOLUTE
    Libraries\STM32F10x_StdPeriph_Driver\src\stm32f10x_flash.c 0x00000000   Number         0  stm32f10x_flash.o ABSOLUTE
    Libraries\STM32F10x_StdPeriph_Driver\src\stm32f10x_gpio.c 0x00000000   Number         0  stm32f10x_gpio.o ABSOLUTE
    Libraries\STM32F10x_StdPeriph_Driver\src\stm32f10x_rcc.c 0x00000000   Number         0  stm32f10x_rcc.o ABSOLUTE
    Libraries\STM32F10x_StdPeriph_Driver\src\stm32f10x_tim.c 0x00000000   Number         0  stm32f10x_tim.o ABSOLUTE
    Libraries\\CMSIS\\core_cm3.c             0x00000000   Number         0  core_cm3.o ABSOLUTE
    Public\SysTick.c                         0x00000000   Number         0  systick.o ABSOLUTE
    Public\system.c                          0x00000000   Number         0  system.o ABSOLUTE
    User\main.c                              0x00000000   Number         0  main.o ABSOLUTE
    User\stm32f10x_it.c                      0x00000000   Number         0  stm32f10x_it.o ABSOLUTE
    cdcmple.s                                0x00000000   Number         0  cdcmple.o ABSOLUTE
    cfcmple.s                                0x00000000   Number         0  cfcmple.o ABSOLUTE
    dc.s                                     0x00000000   Number         0  dc.o ABSOLUTE
    handlers.s                               0x00000000   Number         0  handlers.o ABSOLUTE
    init.s                                   0x00000000   Number         0  init.o ABSOLUTE
    RESET                                    0x08000000   Section      236  startup_stm32f10x_md.o(RESET)
    .ARM.Collect$$$$00000000                 0x080000ec   Section        0  entry.o(.ARM.Collect$$$$00000000)
    .ARM.Collect$$$$00000001                 0x080000ec   Section        4  entry2.o(.ARM.Collect$$$$00000001)
    .ARM.Collect$$$$00000004                 0x080000f0   Section        4  entry5.o(.ARM.Collect$$$$00000004)
    .ARM.Collect$$$$00000008                 0x080000f4   Section        0  entry7b.o(.ARM.Collect$$$$00000008)
    .ARM.Collect$$$$0000000A                 0x080000f4   Section        0  entry8b.o(.ARM.Collect$$$$0000000A)
    .ARM.Collect$$$$0000000B                 0x080000f4   Section        8  entry9a.o(.ARM.Collect$$$$0000000B)
    .ARM.Collect$$$$0000000E                 0x080000fc   Section        4  entry12b.o(.ARM.Collect$$$$0000000E)
    .ARM.Collect$$$$0000000F                 0x08000100   Section        0  entry10a.o(.ARM.Collect$$$$0000000F)
    .ARM.Collect$$$$00000011                 0x08000100   Section        0  entry11a.o(.ARM.Collect$$$$00000011)
    .ARM.Collect$$$$00002712                 0x08000100   Section        4  entry2.o(.ARM.Collect$$$$00002712)
    __lit__00000000                          0x08000100   Data           4  entry2.o(.ARM.Collect$$$$00002712)
    .text                                    0x08000104   Section       36  startup_stm32f10x_md.o(.text)
    .text                                    0x08000128   Section        0  fadd.o(.text)
    .text                                    0x080001d8   Section        0  fmul.o(.text)
    .text                                    0x0800023c   Section        0  fdiv.o(.text)
    .text                                    0x080002b8   Section        0  dadd.o(.text)
    .text                                    0x08000406   Section        0  dmul.o(.text)
    .text                                    0x080004ea   Section        0  ddiv.o(.text)
    .text                                    0x080005c8   Section        0  fflti.o(.text)
    .text                                    0x080005da   Section        0  ffltui.o(.text)
    .text                                    0x080005e4   Section        0  ffixui.o(.text)
    .text                                    0x0800060c   Section        0  f2d.o(.text)
    .text                                    0x08000632   Section        0  d2f.o(.text)
    .text                                    0x0800066c   Section       20  cfcmple.o(.text)
    .text                                    0x08000680   Section        0  llshl.o(.text)
    .text                                    0x0800069e   Section        0  llsshr.o(.text)
    .text                                    0x080006c2   Section        0  iusefp.o(.text)
    .text                                    0x080006c2   Section        0  fepilogue.o(.text)
    .text                                    0x08000730   Section        0  depilogue.o(.text)
    .text                                    0x080007ea   Section        0  dscalb.o(.text)
    .text                                    0x08000818   Section        0  dflti.o(.text)
    .text                                    0x0800083c   Section       48  cdcmple.o(.text)
    .text                                    0x0800086c   Section       36  init.o(.text)
    .text                                    0x08000890   Section        0  llushr.o(.text)
    i.ADC_Cmd                                0x080008b0   Section        0  stm32f10x_adc.o(i.ADC_Cmd)
    i.ADC_DeInit                             0x080008c8   Section        0  stm32f10x_adc.o(i.ADC_DeInit)
    i.ADC_GetCalibrationStatus               0x08000924   Section        0  stm32f10x_adc.o(i.ADC_GetCalibrationStatus)
    i.ADC_GetConversionValue                 0x08000938   Section        0  stm32f10x_adc.o(i.ADC_GetConversionValue)
    i.ADC_GetFlagStatus                      0x08000940   Section        0  stm32f10x_adc.o(i.ADC_GetFlagStatus)
    i.ADC_GetResetCalibrationStatus          0x08000952   Section        0  stm32f10x_adc.o(i.ADC_GetResetCalibrationStatus)
    i.ADC_Init                               0x08000968   Section        0  stm32f10x_adc.o(i.ADC_Init)
    i.ADC_RegularChannelConfig               0x080009b8   Section        0  stm32f10x_adc.o(i.ADC_RegularChannelConfig)
    i.ADC_ResetCalibration                   0x08000a70   Section        0  stm32f10x_adc.o(i.ADC_ResetCalibration)
    i.ADC_SoftwareStartConvCmd               0x08000a7a   Section        0  stm32f10x_adc.o(i.ADC_SoftwareStartConvCmd)
    i.ADC_StartCalibration                   0x08000a90   Section        0  stm32f10x_adc.o(i.ADC_StartCalibration)
    i.Adc_Init                               0x08000a9c   Section        0  ds18b20.o(i.Adc_Init)
    i.BEEP_Init                              0x08000b30   Section        0  beep.o(i.BEEP_Init)
    i.BusFault_Handler                       0x08000b68   Section        0  stm32f10x_it.o(i.BusFault_Handler)
    i.DS18B20_GetTemperture                  0x08000b6c   Section        0  ds18b20.o(i.DS18B20_GetTemperture)
    i.DebugMon_Handler                       0x08000c48   Section        0  stm32f10x_it.o(i.DebugMon_Handler)
    i.GPIO_Init                              0x08000c4a   Section        0  stm32f10x_gpio.o(i.GPIO_Init)
    i.GPIO_PinRemapConfig                    0x08000d60   Section        0  stm32f10x_gpio.o(i.GPIO_PinRemapConfig)
    i.GPIO_SetBits                           0x08000df0   Section        0  stm32f10x_gpio.o(i.GPIO_SetBits)
    i.GPIO_Write                             0x08000df4   Section        0  stm32f10x_gpio.o(i.GPIO_Write)
    i.Get_adc                                0x08000df8   Section        0  ds18b20.o(i.Get_adc)
    i.Get_adcaverage                         0x08000e30   Section        0  ds18b20.o(i.Get_adcaverage)
    i.HardFault_Handler                      0x08000e74   Section        0  stm32f10x_it.o(i.HardFault_Handler)
    i.KEY_Init                               0x08000e78   Section        0  key.o(i.KEY_Init)
    i.KEY_Scan                               0x08000ea0   Section        0  key.o(i.KEY_Scan)
    i.MemManage_Handler                      0x08000f44   Section        0  stm32f10x_it.o(i.MemManage_Handler)
    i.NMI_Handler                            0x08000f48   Section        0  stm32f10x_it.o(i.NMI_Handler)
    i.NVIC_Init                              0x08000f4c   Section        0  misc.o(i.NVIC_Init)
    i.NVIC_PriorityGroupConfig               0x08000fbc   Section        0  misc.o(i.NVIC_PriorityGroupConfig)
    i.PID_Calc                               0x08000fd0   Section        0  pid.o(i.PID_Calc)
    i.PID_Init                               0x080010dc   Section        0  pid.o(i.PID_Init)
    i.PendSV_Handler                         0x08001110   Section        0  stm32f10x_it.o(i.PendSV_Handler)
    i.RCC_ADCCLKConfig                       0x08001114   Section        0  stm32f10x_rcc.o(i.RCC_ADCCLKConfig)
    i.RCC_APB1PeriphClockCmd                 0x0800112c   Section        0  stm32f10x_rcc.o(i.RCC_APB1PeriphClockCmd)
    i.RCC_APB2PeriphClockCmd                 0x0800114c   Section        0  stm32f10x_rcc.o(i.RCC_APB2PeriphClockCmd)
    i.RCC_APB2PeriphResetCmd                 0x0800116c   Section        0  stm32f10x_rcc.o(i.RCC_APB2PeriphResetCmd)
    i.RCC_SYSCLKConfig                       0x0800118c   Section        0  stm32f10x_rcc.o(i.RCC_SYSCLKConfig)
    i.SVC_Handler                            0x080011a4   Section        0  stm32f10x_it.o(i.SVC_Handler)
    i.SetSysClock                            0x080011a6   Section        0  system_stm32f10x.o(i.SetSysClock)
    SetSysClock                              0x080011a7   Thumb Code     8  system_stm32f10x.o(i.SetSysClock)
    i.SetSysClockTo72                        0x080011b0   Section        0  system_stm32f10x.o(i.SetSysClockTo72)
    SetSysClockTo72                          0x080011b1   Thumb Code   214  system_stm32f10x.o(i.SetSysClockTo72)
    i.SysTick_Handler                        0x08001290   Section        0  stm32f10x_it.o(i.SysTick_Handler)
    i.SystemInit                             0x08001294   Section        0  system_stm32f10x.o(i.SystemInit)
    i.TIM2_IRQHandler                        0x080012f4   Section        0  pwm.o(i.TIM2_IRQHandler)
    i.TIM_ClearITPendingBit                  0x08001318   Section        0  stm32f10x_tim.o(i.TIM_ClearITPendingBit)
    i.TIM_Cmd                                0x0800131e   Section        0  stm32f10x_tim.o(i.TIM_Cmd)
    i.TIM_GetITStatus                        0x08001336   Section        0  stm32f10x_tim.o(i.TIM_GetITStatus)
    i.TIM_ITConfig                           0x08001358   Section        0  stm32f10x_tim.o(i.TIM_ITConfig)
    i.TIM_OC2Init                            0x0800136c   Section        0  stm32f10x_tim.o(i.TIM_OC2Init)
    i.TIM_OC2PreloadConfig                   0x08001410   Section        0  stm32f10x_tim.o(i.TIM_OC2PreloadConfig)
    i.TIM_SetCompare2                        0x0800142a   Section        0  stm32f10x_tim.o(i.TIM_SetCompare2)
    i.TIM_TimeBaseInit                       0x08001430   Section        0  stm32f10x_tim.o(i.TIM_TimeBaseInit)
    i.TimePwm_init                           0x080014d4   Section        0  pwm.o(i.TimePwm_init)
    i.Time_init                              0x08001564   Section        0  pwm.o(i.Time_init)
    i.UsageFault_Handler                     0x080015ca   Section        0  stm32f10x_it.o(i.UsageFault_Handler)
    i.__kernel_poly                          0x080015ce   Section        0  poly.o(i.__kernel_poly)
    i.__mathlib_dbl_divzero                  0x08001678   Section        0  dunder.o(i.__mathlib_dbl_divzero)
    i.__mathlib_dbl_infnan                   0x08001688   Section        0  dunder.o(i.__mathlib_dbl_infnan)
    i.__mathlib_dbl_invalid                  0x0800168e   Section        0  dunder.o(i.__mathlib_dbl_invalid)
    i.__scatterload_copy                     0x0800169a   Section       14  handlers.o(i.__scatterload_copy)
    i.__scatterload_null                     0x080016a8   Section        2  handlers.o(i.__scatterload_null)
    i.__scatterload_zeroinit                 0x080016aa   Section       14  handlers.o(i.__scatterload_zeroinit)
    i.__set_errno                            0x080016b8   Section        0  errno.o(i.__set_errno)
    i.appdemo_show                           0x080016c4   Section        0  app_demo.o(i.appdemo_show)
    i.ctrl_pin_init                          0x0800178c   Section        0  app_demo.o(i.ctrl_pin_init)
    i.delay_10us                             0x080017cc   Section        0  systick.o(i.delay_10us)
    i.delay_ms                               0x080017e8   Section        0  systick.o(i.delay_ms)
    i.iic_init                               0x08001808   Section        0  iic.o(i.iic_init)
    i.lcd1602_clear                          0x08001854   Section        0  lcd1602.o(i.lcd1602_clear)
    i.lcd1602_gpio_init                      0x08001860   Section        0  lcd1602.o(i.lcd1602_gpio_init)
    i.lcd1602_init                           0x080018d0   Section        0  lcd1602.o(i.lcd1602_init)
    i.lcd1602_show_num                       0x080018f0   Section        0  lcd1602.o(i.lcd1602_show_num)
    i.lcd1602_show_nums                      0x0800197a   Section        0  lcd1602.o(i.lcd1602_show_nums)
    i.lcd1602_show_string                    0x08001a00   Section        0  lcd1602.o(i.lcd1602_show_string)
    i.lcd1602_write_cmd                      0x08001a94   Section        0  lcd1602.o(i.lcd1602_write_cmd)
    i.lcd1602_write_data                     0x08001adc   Section        0  lcd1602.o(i.lcd1602_write_data)
    i.log                                    0x08001b28   Section        0  log.o(i.log)
    i.main                                   0x08001e84   Section        0  main.o(i.main)
    i.num_pow                                0x08001e9a   Section        0  lcd1602.o(i.num_pow)
    i.pcf8591_init                           0x08001eb0   Section        0  pcf8591.o(i.pcf8591_init)
    i.sys_data_get                           0x08001eb8   Section        0  app_demo.o(i.sys_data_get)
    i.sys_data_set                           0x08001f30   Section        0  app_demo.o(i.sys_data_set)
    i.sys_data_show                          0x08001f9c   Section        0  app_demo.o(i.sys_data_show)
    i.sys_fun_ctrl                           0x08001ff8   Section        0  app_demo.o(i.sys_fun_ctrl)
    i.sys_open_show                          0x080020a0   Section        0  app_demo.o(i.sys_open_show)
    .constdata                               0x080020e8   Section       56  log.o(.constdata)
    Lg2                                      0x080020e8   Data          24  log.o(.constdata)
    Lg                                       0x08002100   Data          32  log.o(.constdata)
    .constdata                               0x08002120   Section        8  qnan.o(.constdata)
    .data                                    0x20000000   Section        1  key.o(.data)
    key                                      0x20000000   Data           1  key.o(.data)
    .data                                    0x20000004   Section       25  app_demo.o(.data)
    i                                        0x2000001c   Data           1  app_demo.o(.data)
    .data                                    0x20000020   Section        4  errno.o(.data)
    _errno                                   0x20000020   Data           4  errno.o(.data)
    .bss                                     0x20000024   Section       68  pid.o(.bss)
    STACK                                    0x20000068   Section     1024  startup_stm32f10x_md.o(STACK)

    Global Symbols

    Symbol Name                              Value     Ov Type        Size  Object(Section)

    BuildAttributes$$THM_ISAv4$P$D$K$B$S$PE$A:L22UL41UL21$X:L11$S22US41US21$IEEE1$IW$USESV6$~STKCKD$USESV7$~SHL$OTIME$ROPI$IEEEX$EBA8$MICROLIB$REQ8$PRES8$EABIv2 0x00000000   Number         0  anon$$obj.o ABSOLUTE
    __ARM_use_no_argv                        0x00000000   Number         0  main.o ABSOLUTE
    __arm_fini_                               - Undefined Weak Reference
    __cpp_initialize__aeabi_                  - Undefined Weak Reference
    __cxa_finalize                            - Undefined Weak Reference
    __decompress                              - Undefined Weak Reference
    _clock_init                               - Undefined Weak Reference
    _microlib_exit                            - Undefined Weak Reference
    __Vectors_Size                           0x000000ec   Number         0  startup_stm32f10x_md.o ABSOLUTE
    __Vectors                                0x08000000   Data           4  startup_stm32f10x_md.o(RESET)
    __Vectors_End                            0x080000ec   Data           0  startup_stm32f10x_md.o(RESET)
    __main                                   0x080000ed   Thumb Code     0  entry.o(.ARM.Collect$$$$00000000)
    _main_stk                                0x080000ed   Thumb Code     0  entry2.o(.ARM.Collect$$$$00000001)
    _main_scatterload                        0x080000f1   Thumb Code     0  entry5.o(.ARM.Collect$$$$00000004)
    __main_after_scatterload                 0x080000f5   Thumb Code     0  entry5.o(.ARM.Collect$$$$00000004)
    _main_clock                              0x080000f5   Thumb Code     0  entry7b.o(.ARM.Collect$$$$00000008)
    _main_cpp_init                           0x080000f5   Thumb Code     0  entry8b.o(.ARM.Collect$$$$0000000A)
    _main_init                               0x080000f5   Thumb Code     0  entry9a.o(.ARM.Collect$$$$0000000B)
    __rt_lib_shutdown_fini                   0x080000fd   Thumb Code     0  entry12b.o(.ARM.Collect$$$$0000000E)
    __rt_final_cpp                           0x08000101   Thumb Code     0  entry10a.o(.ARM.Collect$$$$0000000F)
    __rt_final_exit                          0x08000101   Thumb Code     0  entry11a.o(.ARM.Collect$$$$00000011)
    Reset_Handler                            0x08000105   Thumb Code     8  startup_stm32f10x_md.o(.text)
    ADC1_2_IRQHandler                        0x0800011f   Thumb Code     0  startup_stm32f10x_md.o(.text)
    CAN1_RX1_IRQHandler                      0x0800011f   Thumb Code     0  startup_stm32f10x_md.o(.text)
    CAN1_SCE_IRQHandler                      0x0800011f   Thumb Code     0  startup_stm32f10x_md.o(.text)
    DMA1_Channel1_IRQHandler                 0x0800011f   Thumb Code     0  startup_stm32f10x_md.o(.text)
    DMA1_Channel2_IRQHandler                 0x0800011f   Thumb Code     0  startup_stm32f10x_md.o(.text)
    DMA1_Channel3_IRQHandler                 0x0800011f   Thumb Code     0  startup_stm32f10x_md.o(.text)
    DMA1_Channel4_IRQHandler                 0x0800011f   Thumb Code     0  startup_stm32f10x_md.o(.text)
    DMA1_Channel5_IRQHandler                 0x0800011f   Thumb Code     0  startup_stm32f10x_md.o(.text)
    DMA1_Channel6_IRQHandler                 0x0800011f   Thumb Code     0  startup_stm32f10x_md.o(.text)
    DMA1_Channel7_IRQHandler                 0x0800011f   Thumb Code     0  startup_stm32f10x_md.o(.text)
    EXTI0_IRQHandler                         0x0800011f   Thumb Code     0  startup_stm32f10x_md.o(.text)
    EXTI15_10_IRQHandler                     0x0800011f   Thumb Code     0  startup_stm32f10x_md.o(.text)
    EXTI1_IRQHandler                         0x0800011f   Thumb Code     0  startup_stm32f10x_md.o(.text)
    EXTI2_IRQHandler                         0x0800011f   Thumb Code     0  startup_stm32f10x_md.o(.text)
    EXTI3_IRQHandler                         0x0800011f   Thumb Code     0  startup_stm32f10x_md.o(.text)
    EXTI4_IRQHandler                         0x0800011f   Thumb Code     0  startup_stm32f10x_md.o(.text)
    EXTI9_5_IRQHandler                       0x0800011f   Thumb Code     0  startup_stm32f10x_md.o(.text)
    FLASH_IRQHandler                         0x0800011f   Thumb Code     0  startup_stm32f10x_md.o(.text)
    I2C1_ER_IRQHandler                       0x0800011f   Thumb Code     0  startup_stm32f10x_md.o(.text)
    I2C1_EV_IRQHandler                       0x0800011f   Thumb Code     0  startup_stm32f10x_md.o(.text)
    I2C2_ER_IRQHandler                       0x0800011f   Thumb Code     0  startup_stm32f10x_md.o(.text)
    I2C2_EV_IRQHandler                       0x0800011f   Thumb Code     0  startup_stm32f10x_md.o(.text)
    PVD_IRQHandler                           0x0800011f   Thumb Code     0  startup_stm32f10x_md.o(.text)
    RCC_IRQHandler                           0x0800011f   Thumb Code     0  startup_stm32f10x_md.o(.text)
    RTCAlarm_IRQHandler                      0x0800011f   Thumb Code     0  startup_stm32f10x_md.o(.text)
    RTC_IRQHandler                           0x0800011f   Thumb Code     0  startup_stm32f10x_md.o(.text)
    SPI1_IRQHandler                          0x0800011f   Thumb Code     0  startup_stm32f10x_md.o(.text)
    SPI2_IRQHandler                          0x0800011f   Thumb Code     0  startup_stm32f10x_md.o(.text)
    TAMPER_IRQHandler                        0x0800011f   Thumb Code     0  startup_stm32f10x_md.o(.text)
    TIM1_BRK_IRQHandler                      0x0800011f   Thumb Code     0  startup_stm32f10x_md.o(.text)
    TIM1_CC_IRQHandler                       0x0800011f   Thumb Code     0  startup_stm32f10x_md.o(.text)
    TIM1_TRG_COM_IRQHandler                  0x0800011f   Thumb Code     0  startup_stm32f10x_md.o(.text)
    TIM1_UP_IRQHandler                       0x0800011f   Thumb Code     0  startup_stm32f10x_md.o(.text)
    TIM3_IRQHandler                          0x0800011f   Thumb Code     0  startup_stm32f10x_md.o(.text)
    TIM4_IRQHandler                          0x0800011f   Thumb Code     0  startup_stm32f10x_md.o(.text)
    USART1_IRQHandler                        0x0800011f   Thumb Code     0  startup_stm32f10x_md.o(.text)
    USART2_IRQHandler                        0x0800011f   Thumb Code     0  startup_stm32f10x_md.o(.text)
    USART3_IRQHandler                        0x0800011f   Thumb Code     0  startup_stm32f10x_md.o(.text)
    USBWakeUp_IRQHandler                     0x0800011f   Thumb Code     0  startup_stm32f10x_md.o(.text)
    USB_HP_CAN1_TX_IRQHandler                0x0800011f   Thumb Code     0  startup_stm32f10x_md.o(.text)
    USB_LP_CAN1_RX0_IRQHandler               0x0800011f   Thumb Code     0  startup_stm32f10x_md.o(.text)
    WWDG_IRQHandler                          0x0800011f   Thumb Code     0  startup_stm32f10x_md.o(.text)
    __aeabi_fadd                             0x08000129   Thumb Code   164  fadd.o(.text)
    __aeabi_fsub                             0x080001cd   Thumb Code     6  fadd.o(.text)
    __aeabi_frsub                            0x080001d3   Thumb Code     6  fadd.o(.text)
    __aeabi_fmul                             0x080001d9   Thumb Code   100  fmul.o(.text)
    __aeabi_fdiv                             0x0800023d   Thumb Code   124  fdiv.o(.text)
    __aeabi_dadd                             0x080002b9   Thumb Code   322  dadd.o(.text)
    __aeabi_dsub                             0x080003fb   Thumb Code     6  dadd.o(.text)
    __aeabi_drsub                            0x08000401   Thumb Code     6  dadd.o(.text)
    __aeabi_dmul                             0x08000407   Thumb Code   228  dmul.o(.text)
    __aeabi_ddiv                             0x080004eb   Thumb Code   222  ddiv.o(.text)
    __aeabi_i2f                              0x080005c9   Thumb Code    18  fflti.o(.text)
    __aeabi_ui2f                             0x080005db   Thumb Code    10  ffltui.o(.text)
    __aeabi_f2uiz                            0x080005e5   Thumb Code    40  ffixui.o(.text)
    __aeabi_f2d                              0x0800060d   Thumb Code    38  f2d.o(.text)
    __aeabi_d2f                              0x08000633   Thumb Code    56  d2f.o(.text)
    __aeabi_cfcmpeq                          0x0800066d   Thumb Code     0  cfcmple.o(.text)
    __aeabi_cfcmple                          0x0800066d   Thumb Code    20  cfcmple.o(.text)
    __aeabi_llsl                             0x08000681   Thumb Code    30  llshl.o(.text)
    _ll_shift_l                              0x08000681   Thumb Code     0  llshl.o(.text)
    __aeabi_lasr                             0x0800069f   Thumb Code    36  llsshr.o(.text)
    _ll_sshift_r                             0x0800069f   Thumb Code     0  llsshr.o(.text)
    __I$use$fp                               0x080006c3   Thumb Code     0  iusefp.o(.text)
    _float_round                             0x080006c3   Thumb Code    18  fepilogue.o(.text)
    _float_epilogue                          0x080006d5   Thumb Code    92  fepilogue.o(.text)
    _double_round                            0x08000731   Thumb Code    30  depilogue.o(.text)
    _double_epilogue                         0x0800074f   Thumb Code   156  depilogue.o(.text)
    __ARM_scalbn                             0x080007eb   Thumb Code    46  dscalb.o(.text)
    scalbn                                   0x080007eb   Thumb Code     0  dscalb.o(.text)
    __aeabi_i2d                              0x08000819   Thumb Code    34  dflti.o(.text)
    __aeabi_cdcmpeq                          0x0800083d   Thumb Code     0  cdcmple.o(.text)
    __aeabi_cdcmple                          0x0800083d   Thumb Code    48  cdcmple.o(.text)
    __scatterload                            0x0800086d   Thumb Code    28  init.o(.text)
    __scatterload_rt2                        0x0800086d   Thumb Code     0  init.o(.text)
    __aeabi_llsr                             0x08000891   Thumb Code    32  llushr.o(.text)
    _ll_ushift_r                             0x08000891   Thumb Code     0  llushr.o(.text)
    ADC_Cmd                                  0x080008b1   Thumb Code    22  stm32f10x_adc.o(i.ADC_Cmd)
    ADC_DeInit                               0x080008c9   Thumb Code    78  stm32f10x_adc.o(i.ADC_DeInit)
    ADC_GetCalibrationStatus                 0x08000925   Thumb Code    20  stm32f10x_adc.o(i.ADC_GetCalibrationStatus)
    ADC_GetConversionValue                   0x08000939   Thumb Code     8  stm32f10x_adc.o(i.ADC_GetConversionValue)
    ADC_GetFlagStatus                        0x08000941   Thumb Code    18  stm32f10x_adc.o(i.ADC_GetFlagStatus)
    ADC_GetResetCalibrationStatus            0x08000953   Thumb Code    20  stm32f10x_adc.o(i.ADC_GetResetCalibrationStatus)
    ADC_Init                                 0x08000969   Thumb Code    70  stm32f10x_adc.o(i.ADC_Init)
    ADC_RegularChannelConfig                 0x080009b9   Thumb Code   184  stm32f10x_adc.o(i.ADC_RegularChannelConfig)
    ADC_ResetCalibration                     0x08000a71   Thumb Code    10  stm32f10x_adc.o(i.ADC_ResetCalibration)
    ADC_SoftwareStartConvCmd                 0x08000a7b   Thumb Code    22  stm32f10x_adc.o(i.ADC_SoftwareStartConvCmd)
    ADC_StartCalibration                     0x08000a91   Thumb Code    10  stm32f10x_adc.o(i.ADC_StartCalibration)
    Adc_Init                                 0x08000a9d   Thumb Code   140  ds18b20.o(i.Adc_Init)
    BEEP_Init                                0x08000b31   Thumb Code    50  beep.o(i.BEEP_Init)
    BusFault_Handler                         0x08000b69   Thumb Code     4  stm32f10x_it.o(i.BusFault_Handler)
    DS18B20_GetTemperture                    0x08000b6d   Thumb Code   184  ds18b20.o(i.DS18B20_GetTemperture)
    DebugMon_Handler                         0x08000c49   Thumb Code     2  stm32f10x_it.o(i.DebugMon_Handler)
    GPIO_Init                                0x08000c4b   Thumb Code   278  stm32f10x_gpio.o(i.GPIO_Init)
    GPIO_PinRemapConfig                      0x08000d61   Thumb Code   138  stm32f10x_gpio.o(i.GPIO_PinRemapConfig)
    GPIO_SetBits                             0x08000df1   Thumb Code     4  stm32f10x_gpio.o(i.GPIO_SetBits)
    GPIO_Write                               0x08000df5   Thumb Code     4  stm32f10x_gpio.o(i.GPIO_Write)
    Get_adc                                  0x08000df9   Thumb Code    52  ds18b20.o(i.Get_adc)
    Get_adcaverage                           0x08000e31   Thumb Code    68  ds18b20.o(i.Get_adcaverage)
    HardFault_Handler                        0x08000e75   Thumb Code     4  stm32f10x_it.o(i.HardFault_Handler)
    KEY_Init                                 0x08000e79   Thumb Code    34  key.o(i.KEY_Init)
    KEY_Scan                                 0x08000ea1   Thumb Code   154  key.o(i.KEY_Scan)
    MemManage_Handler                        0x08000f45   Thumb Code     4  stm32f10x_it.o(i.MemManage_Handler)
    NMI_Handler                              0x08000f49   Thumb Code     2  stm32f10x_it.o(i.NMI_Handler)
    NVIC_Init                                0x08000f4d   Thumb Code   100  misc.o(i.NVIC_Init)
    NVIC_PriorityGroupConfig                 0x08000fbd   Thumb Code    10  misc.o(i.NVIC_PriorityGroupConfig)
    PID_Calc                                 0x08000fd1   Thumb Code   262  pid.o(i.PID_Calc)
    PID_Init                                 0x080010dd   Thumb Code    36  pid.o(i.PID_Init)
    PendSV_Handler                           0x08001111   Thumb Code     2  stm32f10x_it.o(i.PendSV_Handler)
    RCC_ADCCLKConfig                         0x08001115   Thumb Code    18  stm32f10x_rcc.o(i.RCC_ADCCLKConfig)
    RCC_APB1PeriphClockCmd                   0x0800112d   Thumb Code    26  stm32f10x_rcc.o(i.RCC_APB1PeriphClockCmd)
    RCC_APB2PeriphClockCmd                   0x0800114d   Thumb Code    26  stm32f10x_rcc.o(i.RCC_APB2PeriphClockCmd)
    RCC_APB2PeriphResetCmd                   0x0800116d   Thumb Code    26  stm32f10x_rcc.o(i.RCC_APB2PeriphResetCmd)
    RCC_SYSCLKConfig                         0x0800118d   Thumb Code    18  stm32f10x_rcc.o(i.RCC_SYSCLKConfig)
    SVC_Handler                              0x080011a5   Thumb Code     2  stm32f10x_it.o(i.SVC_Handler)
    SysTick_Handler                          0x08001291   Thumb Code     2  stm32f10x_it.o(i.SysTick_Handler)
    SystemInit                               0x08001295   Thumb Code    78  system_stm32f10x.o(i.SystemInit)
    TIM2_IRQHandler                          0x080012f5   Thumb Code    32  pwm.o(i.TIM2_IRQHandler)
    TIM_ClearITPendingBit                    0x08001319   Thumb Code     6  stm32f10x_tim.o(i.TIM_ClearITPendingBit)
    TIM_Cmd                                  0x0800131f   Thumb Code    24  stm32f10x_tim.o(i.TIM_Cmd)
    TIM_GetITStatus                          0x08001337   Thumb Code    34  stm32f10x_tim.o(i.TIM_GetITStatus)
    TIM_ITConfig                             0x08001359   Thumb Code    18  stm32f10x_tim.o(i.TIM_ITConfig)
    TIM_OC2Init                              0x0800136d   Thumb Code   154  stm32f10x_tim.o(i.TIM_OC2Init)
    TIM_OC2PreloadConfig                     0x08001411   Thumb Code    26  stm32f10x_tim.o(i.TIM_OC2PreloadConfig)
    TIM_SetCompare2                          0x0800142b   Thumb Code     4  stm32f10x_tim.o(i.TIM_SetCompare2)
    TIM_TimeBaseInit                         0x08001431   Thumb Code   122  stm32f10x_tim.o(i.TIM_TimeBaseInit)
    TimePwm_init                             0x080014d5   Thumb Code   130  pwm.o(i.TimePwm_init)
    Time_init                                0x08001565   Thumb Code   102  pwm.o(i.Time_init)
    UsageFault_Handler                       0x080015cb   Thumb Code     4  stm32f10x_it.o(i.UsageFault_Handler)
    __kernel_poly                            0x080015cf   Thumb Code   170  poly.o(i.__kernel_poly)
    __mathlib_dbl_divzero                    0x08001679   Thumb Code    12  dunder.o(i.__mathlib_dbl_divzero)
    __mathlib_dbl_infnan                     0x08001689   Thumb Code     6  dunder.o(i.__mathlib_dbl_infnan)
    __mathlib_dbl_invalid                    0x0800168f   Thumb Code    12  dunder.o(i.__mathlib_dbl_invalid)
    __scatterload_copy                       0x0800169b   Thumb Code    14  handlers.o(i.__scatterload_copy)
    __scatterload_null                       0x080016a9   Thumb Code     2  handlers.o(i.__scatterload_null)
    __scatterload_zeroinit                   0x080016ab   Thumb Code    14  handlers.o(i.__scatterload_zeroinit)
    __set_errno                              0x080016b9   Thumb Code     6  errno.o(i.__set_errno)
    appdemo_show                             0x080016c5   Thumb Code   170  app_demo.o(i.appdemo_show)
    ctrl_pin_init                            0x0800178d   Thumb Code    60  app_demo.o(i.ctrl_pin_init)
    delay_10us                               0x080017cd   Thumb Code    28  systick.o(i.delay_10us)
    delay_ms                                 0x080017e9   Thumb Code    32  systick.o(i.delay_ms)
    iic_init                                 0x08001809   Thumb Code    64  iic.o(i.iic_init)
    lcd1602_clear                            0x08001855   Thumb Code    10  lcd1602.o(i.lcd1602_clear)
    lcd1602_gpio_init                        0x08001861   Thumb Code   104  lcd1602.o(i.lcd1602_gpio_init)
    lcd1602_init                             0x080018d1   Thumb Code    32  lcd1602.o(i.lcd1602_init)
    lcd1602_show_num                         0x080018f1   Thumb Code   138  lcd1602.o(i.lcd1602_show_num)
    lcd1602_show_nums                        0x0800197b   Thumb Code   134  lcd1602.o(i.lcd1602_show_nums)
    lcd1602_show_string                      0x08001a01   Thumb Code   146  lcd1602.o(i.lcd1602_show_string)
    lcd1602_write_cmd                        0x08001a95   Thumb Code    60  lcd1602.o(i.lcd1602_write_cmd)
    lcd1602_write_data                       0x08001add   Thumb Code    62  lcd1602.o(i.lcd1602_write_data)
    log                                      0x08001b29   Thumb Code   808  log.o(i.log)
    main                                     0x08001e85   Thumb Code    22  main.o(i.main)
    num_pow                                  0x08001e9b   Thumb Code    22  lcd1602.o(i.num_pow)
    pcf8591_init                             0x08001eb1   Thumb Code     8  pcf8591.o(i.pcf8591_init)
    sys_data_get                             0x08001eb9   Thumb Code   102  app_demo.o(i.sys_data_get)
    sys_data_set                             0x08001f31   Thumb Code    96  app_demo.o(i.sys_data_set)
    sys_data_show                            0x08001f9d   Thumb Code    78  app_demo.o(i.sys_data_show)
    sys_fun_ctrl                             0x08001ff9   Thumb Code   142  app_demo.o(i.sys_fun_ctrl)
    sys_open_show                            0x080020a1   Thumb Code    28  app_demo.o(i.sys_open_show)
    __mathlib_zero                           0x08002120   Data           8  qnan.o(.constdata)
    Region$$Table$$Base                      0x08002128   Number         0  anon$$obj.o(Region$$Table)
    Region$$Table$$Limit                     0x08002148   Number         0  anon$$obj.o(Region$$Table)
    wd                                       0x20000004   Data           4  app_demo.o(.data)
    set                                      0x20000008   Data           4  app_demo.o(.data)
    sz                                       0x2000000c   Data           4  app_demo.o(.data)
    on                                       0x20000010   Data           4  app_demo.o(.data)
    num                                      0x20000014   Data           4  app_demo.o(.data)
    adcx                                     0x20000018   Data           4  app_demo.o(.data)
    pid                                      0x20000024   Data          68  pid.o(.bss)
    __initial_sp                             0x20000468   Data           0  startup_stm32f10x_md.o(STACK)



==============================================================================

Memory Map of the image

  Image Entry point : 0x080000ed

  Load Region LR_IROM1 (Base: 0x08000000, Size: 0x0000216c, Max: 0x00008000, ABSOLUTE)

    Execution Region ER_IROM1 (Exec base: 0x08000000, Load base: 0x08000000, Size: 0x00002148, Max: 0x00008000, ABSOLUTE)

    Exec Addr    Load Addr    Size         Type   Attr      Idx    E Section Name        Object

    0x08000000   0x08000000   0x000000ec   Data   RO          194    RESET               startup_stm32f10x_md.o
    0x080000ec   0x080000ec   0x00000000   Code   RO         2034  * .ARM.Collect$$$$00000000  mc_w.l(entry.o)
    0x080000ec   0x080000ec   0x00000004   Code   RO         2078    .ARM.Collect$$$$00000001  mc_w.l(entry2.o)
    0x080000f0   0x080000f0   0x00000004   Code   RO         2081    .ARM.Collect$$$$00000004  mc_w.l(entry5.o)
    0x080000f4   0x080000f4   0x00000000   Code   RO         2083    .ARM.Collect$$$$00000008  mc_w.l(entry7b.o)
    0x080000f4   0x080000f4   0x00000000   Code   RO         2085    .ARM.Collect$$$$0000000A  mc_w.l(entry8b.o)
    0x080000f4   0x080000f4   0x00000008   Code   RO         2086    .ARM.Collect$$$$0000000B  mc_w.l(entry9a.o)
    0x080000fc   0x080000fc   0x00000004   Code   RO         2093    .ARM.Collect$$$$0000000E  mc_w.l(entry12b.o)
    0x08000100   0x08000100   0x00000000   Code   RO         2088    .ARM.Collect$$$$0000000F  mc_w.l(entry10a.o)
    0x08000100   0x08000100   0x00000000   Code   RO         2090    .ARM.Collect$$$$00000011  mc_w.l(entry11a.o)
    0x08000100   0x08000100   0x00000004   Code   RO         2079    .ARM.Collect$$$$00002712  mc_w.l(entry2.o)
    0x08000104   0x08000104   0x00000024   Code   RO          195    .text               startup_stm32f10x_md.o
    0x08000128   0x08000128   0x000000b0   Code   RO         2037    .text               mf_w.l(fadd.o)
    0x080001d8   0x080001d8   0x00000064   Code   RO         2039    .text               mf_w.l(fmul.o)
    0x0800023c   0x0800023c   0x0000007c   Code   RO         2041    .text               mf_w.l(fdiv.o)
    0x080002b8   0x080002b8   0x0000014e   Code   RO         2043    .text               mf_w.l(dadd.o)
    0x08000406   0x08000406   0x000000e4   Code   RO         2045    .text               mf_w.l(dmul.o)
    0x080004ea   0x080004ea   0x000000de   Code   RO         2047    .text               mf_w.l(ddiv.o)
    0x080005c8   0x080005c8   0x00000012   Code   RO         2049    .text               mf_w.l(fflti.o)
    0x080005da   0x080005da   0x0000000a   Code   RO         2051    .text               mf_w.l(ffltui.o)
    0x080005e4   0x080005e4   0x00000028   Code   RO         2053    .text               mf_w.l(ffixui.o)
    0x0800060c   0x0800060c   0x00000026   Code   RO         2055    .text               mf_w.l(f2d.o)
    0x08000632   0x08000632   0x00000038   Code   RO         2057    .text               mf_w.l(d2f.o)
    0x0800066a   0x0800066a   0x00000002   PAD
    0x0800066c   0x0800066c   0x00000014   Code   RO         2059    .text               mf_w.l(cfcmple.o)
    0x08000680   0x08000680   0x0000001e   Code   RO         2094    .text               mc_w.l(llshl.o)
    0x0800069e   0x0800069e   0x00000024   Code   RO         2096    .text               mc_w.l(llsshr.o)
    0x080006c2   0x080006c2   0x00000000   Code   RO         2105    .text               mc_w.l(iusefp.o)
    0x080006c2   0x080006c2   0x0000006e   Code   RO         2106    .text               mf_w.l(fepilogue.o)
    0x08000730   0x08000730   0x000000ba   Code   RO         2108    .text               mf_w.l(depilogue.o)
    0x080007ea   0x080007ea   0x0000002e   Code   RO         2110    .text               mf_w.l(dscalb.o)
    0x08000818   0x08000818   0x00000022   Code   RO         2112    .text               mf_w.l(dflti.o)
    0x0800083a   0x0800083a   0x00000002   PAD
    0x0800083c   0x0800083c   0x00000030   Code   RO         2114    .text               mf_w.l(cdcmple.o)
    0x0800086c   0x0800086c   0x00000024   Code   RO         2116    .text               mc_w.l(init.o)
    0x08000890   0x08000890   0x00000020   Code   RO         2118    .text               mc_w.l(llushr.o)
    0x080008b0   0x080008b0   0x00000016   Code   RO         1332    i.ADC_Cmd           stm32f10x_adc.o
    0x080008c6   0x080008c6   0x00000002   PAD
    0x080008c8   0x080008c8   0x0000005c   Code   RO         1334    i.ADC_DeInit        stm32f10x_adc.o
    0x08000924   0x08000924   0x00000014   Code   RO         1340    i.ADC_GetCalibrationStatus  stm32f10x_adc.o
    0x08000938   0x08000938   0x00000008   Code   RO         1341    i.ADC_GetConversionValue  stm32f10x_adc.o
    0x08000940   0x08000940   0x00000012   Code   RO         1343    i.ADC_GetFlagStatus  stm32f10x_adc.o
    0x08000952   0x08000952   0x00000014   Code   RO         1346    i.ADC_GetResetCalibrationStatus  stm32f10x_adc.o
    0x08000966   0x08000966   0x00000002   PAD
    0x08000968   0x08000968   0x00000050   Code   RO         1350    i.ADC_Init          stm32f10x_adc.o
    0x080009b8   0x080009b8   0x000000b8   Code   RO         1354    i.ADC_RegularChannelConfig  stm32f10x_adc.o
    0x08000a70   0x08000a70   0x0000000a   Code   RO         1355    i.ADC_ResetCalibration  stm32f10x_adc.o
    0x08000a7a   0x08000a7a   0x00000016   Code   RO         1357    i.ADC_SoftwareStartConvCmd  stm32f10x_adc.o
    0x08000a90   0x08000a90   0x0000000a   Code   RO         1359    i.ADC_StartCalibration  stm32f10x_adc.o
    0x08000a9a   0x08000a9a   0x00000002   PAD
    0x08000a9c   0x08000a9c   0x00000094   Code   RO         1701    i.Adc_Init          ds18b20.o
    0x08000b30   0x08000b30   0x00000038   Code   RO         1680    i.BEEP_Init         beep.o
    0x08000b68   0x08000b68   0x00000004   Code   RO          107    i.BusFault_Handler  stm32f10x_it.o
    0x08000b6c   0x08000b6c   0x000000dc   Code   RO         1702    i.DS18B20_GetTemperture  ds18b20.o
    0x08000c48   0x08000c48   0x00000002   Code   RO          108    i.DebugMon_Handler  stm32f10x_it.o
    0x08000c4a   0x08000c4a   0x00000116   Code   RO          206    i.GPIO_Init         stm32f10x_gpio.o
    0x08000d60   0x08000d60   0x00000090   Code   RO          208    i.GPIO_PinRemapConfig  stm32f10x_gpio.o
    0x08000df0   0x08000df0   0x00000004   Code   RO          214    i.GPIO_SetBits      stm32f10x_gpio.o
    0x08000df4   0x08000df4   0x00000004   Code   RO          216    i.GPIO_Write        stm32f10x_gpio.o
    0x08000df8   0x08000df8   0x00000038   Code   RO         1703    i.Get_adc           ds18b20.o
    0x08000e30   0x08000e30   0x00000044   Code   RO         1704    i.Get_adcaverage    ds18b20.o
    0x08000e74   0x08000e74   0x00000004   Code   RO          109    i.HardFault_Handler  stm32f10x_it.o
    0x08000e78   0x08000e78   0x00000028   Code   RO         1658    i.KEY_Init          key.o
    0x08000ea0   0x08000ea0   0x000000a4   Code   RO         1659    i.KEY_Scan          key.o
    0x08000f44   0x08000f44   0x00000004   Code   RO          110    i.MemManage_Handler  stm32f10x_it.o
    0x08000f48   0x08000f48   0x00000002   Code   RO          111    i.NMI_Handler       stm32f10x_it.o
    0x08000f4a   0x08000f4a   0x00000002   PAD
    0x08000f4c   0x08000f4c   0x00000070   Code   RO          514    i.NVIC_Init         misc.o
    0x08000fbc   0x08000fbc   0x00000014   Code   RO          515    i.NVIC_PriorityGroupConfig  misc.o
    0x08000fd0   0x08000fd0   0x0000010c   Code   RO         1849    i.PID_Calc          pid.o
    0x080010dc   0x080010dc   0x00000034   Code   RO         1850    i.PID_Init          pid.o
    0x08001110   0x08001110   0x00000002   Code   RO          112    i.PendSV_Handler    stm32f10x_it.o
    0x08001112   0x08001112   0x00000002   PAD
    0x08001114   0x08001114   0x00000018   Code   RO          314    i.RCC_ADCCLKConfig  stm32f10x_rcc.o
    0x0800112c   0x0800112c   0x00000020   Code   RO          316    i.RCC_APB1PeriphClockCmd  stm32f10x_rcc.o
    0x0800114c   0x0800114c   0x00000020   Code   RO          318    i.RCC_APB2PeriphClockCmd  stm32f10x_rcc.o
    0x0800116c   0x0800116c   0x00000020   Code   RO          319    i.RCC_APB2PeriphResetCmd  stm32f10x_rcc.o
    0x0800118c   0x0800118c   0x00000018   Code   RO          343    i.RCC_SYSCLKConfig  stm32f10x_rcc.o
    0x080011a4   0x080011a4   0x00000002   Code   RO          113    i.SVC_Handler       stm32f10x_it.o
    0x080011a6   0x080011a6   0x00000008   Code   RO         1548    i.SetSysClock       system_stm32f10x.o
    0x080011ae   0x080011ae   0x00000002   PAD
    0x080011b0   0x080011b0   0x000000e0   Code   RO         1549    i.SetSysClockTo72   system_stm32f10x.o
    0x08001290   0x08001290   0x00000002   Code   RO          114    i.SysTick_Handler   stm32f10x_it.o
    0x08001292   0x08001292   0x00000002   PAD
    0x08001294   0x08001294   0x00000060   Code   RO         1551    i.SystemInit        system_stm32f10x.o
    0x080012f4   0x080012f4   0x00000024   Code   RO         1873    i.TIM2_IRQHandler   pwm.o
    0x08001318   0x08001318   0x00000006   Code   RO          615    i.TIM_ClearITPendingBit  stm32f10x_tim.o
    0x0800131e   0x0800131e   0x00000018   Code   RO          620    i.TIM_Cmd           stm32f10x_tim.o
    0x08001336   0x08001336   0x00000022   Code   RO          641    i.TIM_GetITStatus   stm32f10x_tim.o
    0x08001358   0x08001358   0x00000012   Code   RO          645    i.TIM_ITConfig      stm32f10x_tim.o
    0x0800136a   0x0800136a   0x00000002   PAD
    0x0800136c   0x0800136c   0x000000a4   Code   RO          654    i.TIM_OC2Init       stm32f10x_tim.o
    0x08001410   0x08001410   0x0000001a   Code   RO          657    i.TIM_OC2PreloadConfig  stm32f10x_tim.o
    0x0800142a   0x0800142a   0x00000004   Code   RO          682    i.TIM_SetCompare2   stm32f10x_tim.o
    0x0800142e   0x0800142e   0x00000002   PAD
    0x08001430   0x08001430   0x000000a4   Code   RO          691    i.TIM_TimeBaseInit  stm32f10x_tim.o
    0x080014d4   0x080014d4   0x00000090   Code   RO         1874    i.TimePwm_init      pwm.o
    0x08001564   0x08001564   0x00000066   Code   RO         1875    i.Time_init         pwm.o
    0x080015ca   0x080015ca   0x00000004   Code   RO          115    i.UsageFault_Handler  stm32f10x_it.o
    0x080015ce   0x080015ce   0x000000aa   Code   RO         2075    i.__kernel_poly     m_ws.l(poly.o)
    0x08001678   0x08001678   0x00000010   Code   RO         2061    i.__mathlib_dbl_divzero  m_ws.l(dunder.o)
    0x08001688   0x08001688   0x00000006   Code   RO         2062    i.__mathlib_dbl_infnan  m_ws.l(dunder.o)
    0x0800168e   0x0800168e   0x0000000c   Code   RO         2064    i.__mathlib_dbl_invalid  m_ws.l(dunder.o)
    0x0800169a   0x0800169a   0x0000000e   Code   RO         2122    i.__scatterload_copy  mc_w.l(handlers.o)
    0x080016a8   0x080016a8   0x00000002   Code   RO         2123    i.__scatterload_null  mc_w.l(handlers.o)
    0x080016aa   0x080016aa   0x0000000e   Code   RO         2124    i.__scatterload_zeroinit  mc_w.l(handlers.o)
    0x080016b8   0x080016b8   0x0000000c   Code   RO         2100    i.__set_errno       mc_w.l(errno.o)
    0x080016c4   0x080016c4   0x000000c8   Code   RO         1943    i.appdemo_show      app_demo.o
    0x0800178c   0x0800178c   0x00000040   Code   RO         1945    i.ctrl_pin_init     app_demo.o
    0x080017cc   0x080017cc   0x0000001c   Code   RO         1916    i.delay_10us        systick.o
    0x080017e8   0x080017e8   0x00000020   Code   RO         1917    i.delay_ms          systick.o
    0x08001808   0x08001808   0x0000004c   Code   RO         1741    i.iic_init          iic.o
    0x08001854   0x08001854   0x0000000a   Code   RO         1592    i.lcd1602_clear     lcd1602.o
    0x0800185e   0x0800185e   0x00000002   PAD
    0x08001860   0x08001860   0x00000070   Code   RO         1593    i.lcd1602_gpio_init  lcd1602.o
    0x080018d0   0x080018d0   0x00000020   Code   RO         1594    i.lcd1602_init      lcd1602.o
    0x080018f0   0x080018f0   0x0000008a   Code   RO         1595    i.lcd1602_show_num  lcd1602.o
    0x0800197a   0x0800197a   0x00000086   Code   RO         1596    i.lcd1602_show_nums  lcd1602.o
    0x08001a00   0x08001a00   0x00000092   Code   RO         1597    i.lcd1602_show_string  lcd1602.o
    0x08001a92   0x08001a92   0x00000002   PAD
    0x08001a94   0x08001a94   0x00000048   Code   RO         1598    i.lcd1602_write_cmd  lcd1602.o
    0x08001adc   0x08001adc   0x0000004c   Code   RO         1599    i.lcd1602_write_data  lcd1602.o
    0x08001b28   0x08001b28   0x0000035c   Code   RO         2025    i.log               m_ws.l(log.o)
    0x08001e84   0x08001e84   0x00000016   Code   RO            1    i.main              main.o
    0x08001e9a   0x08001e9a   0x00000016   Code   RO         1600    i.num_pow           lcd1602.o
    0x08001eb0   0x08001eb0   0x00000008   Code   RO         1807    i.pcf8591_init      pcf8591.o
    0x08001eb8   0x08001eb8   0x00000078   Code   RO         1946    i.sys_data_get      app_demo.o
    0x08001f30   0x08001f30   0x0000006c   Code   RO         1947    i.sys_data_set      app_demo.o
    0x08001f9c   0x08001f9c   0x0000005c   Code   RO         1948    i.sys_data_show     app_demo.o
    0x08001ff8   0x08001ff8   0x000000a8   Code   RO         1949    i.sys_fun_ctrl      app_demo.o
    0x080020a0   0x080020a0   0x00000044   Code   RO         1950    i.sys_open_show     app_demo.o
    0x080020e4   0x080020e4   0x00000004   PAD
    0x080020e8   0x080020e8   0x00000038   Data   RO         2026    .constdata          m_ws.l(log.o)
    0x08002120   0x08002120   0x00000008   Data   RO         2077    .constdata          m_ws.l(qnan.o)
    0x08002128   0x08002128   0x00000020   Data   RO         2120    Region$$Table       anon$$obj.o


    Execution Region RW_IRAM1 (Exec base: 0x20000000, Load base: 0x08002148, Size: 0x00000468, Max: 0x00002800, ABSOLUTE)

    Exec Addr    Load Addr    Size         Type   Attr      Idx    E Section Name        Object

    0x20000000   0x08002148   0x00000001   Data   RW         1660    .data               key.o
    0x20000001   0x08002149   0x00000003   PAD
    0x20000004   0x0800214c   0x00000019   Data   RW         1951    .data               app_demo.o
    0x2000001d   0x08002165   0x00000003   PAD
    0x20000020   0x08002168   0x00000004   Data   RW         2101    .data               mc_w.l(errno.o)
    0x20000024        -       0x00000044   Zero   RW         1851    .bss                pid.o
    0x20000068        -       0x00000400   Zero   RW          192    STACK               startup_stm32f10x_md.o


==============================================================================

Image component sizes


      Code (inc. data)   RO Data    RW Data    ZI Data      Debug   Object Name

       820        144          0         25          0       3860   app_demo.o
        56          6          0          0          0        480   beep.o
       492         48          0          0          0       2426   ds18b20.o
        76         12          0          0          0        487   iic.o
       204         16          0          1          0       1134   key.o
       742         34          0          0          0       5735   lcd1602.o
        22          0          0          0          0     245211   main.o
       132         22          0          0          0       1675   misc.o
         8          0          0          0          0        451   pcf8591.o
       320         22          0          0         68       1860   pid.o
       282         18          0          0          0       1705   pwm.o
        36          8        236          0       1024        840   startup_stm32f10x_md.o
       486         24          0          0          0       9078   stm32f10x_adc.o
       430          6          0          0          0       4066   stm32f10x_gpio.o
        26          0          0          0          0       3818   stm32f10x_it.o
       144         30          0          0          0       3009   stm32f10x_rcc.o
       440         52          0          0          0       5765   stm32f10x_tim.o
       328         28          0          0          0       1945   system_stm32f10x.o
        60          0          0          0          0        948   systick.o

    ----------------------------------------------------------------------
      5130        474        268         32       1092     294493   Object Totals
         0          0         32          0          0          0   (incl. Generated)
        26          4          0          6          0          0   (incl. Padding)

    ----------------------------------------------------------------------

      Code (inc. data)   RO Data    RW Data    ZI Data      Debug   Library Member Name

        34          4          0          0          0        204   dunder.o
       860         52         56          0          0        256   log.o
       170          0          0          0          0         96   poly.o
         0          0          8          0          0          0   qnan.o
         0          0          0          0          0          0   entry.o
         0          0          0          0          0          0   entry10a.o
         0          0          0          0          0          0   entry11a.o
         4          0          0          0          0          0   entry12b.o
         8          4          0          0          0          0   entry2.o
         4          0          0          0          0          0   entry5.o
         0          0          0          0          0          0   entry7b.o
         0          0          0          0          0          0   entry8b.o
         8          4          0          0          0          0   entry9a.o
        12          6          0          4          0         68   errno.o
        30          0          0          0          0          0   handlers.o
        36          8          0          0          0         68   init.o
         0          0          0          0          0          0   iusefp.o
        30          0          0          0          0         68   llshl.o
        36          0          0          0          0         68   llsshr.o
        32          0          0          0          0         68   llushr.o
        48          0          0          0          0         68   cdcmple.o
        20          0          0          0          0         68   cfcmple.o
        56          0          0          0          0         88   d2f.o
       334          0          0          0          0        148   dadd.o
       222          0          0          0          0        100   ddiv.o
       186          0          0          0          0        176   depilogue.o
        34          0          0          0          0         76   dflti.o
       228          0          0          0          0         96   dmul.o
        46          0          0          0          0         80   dscalb.o
        38          0          0          0          0         68   f2d.o
       176          0          0          0          0        140   fadd.o
       124          0          0          0          0         88   fdiv.o
       110          0          0          0          0        168   fepilogue.o
        40          0          0          0          0         68   ffixui.o
        18          0          0          0          0         68   fflti.o
        10          0          0          0          0         68   ffltui.o
       100          0          0          0          0         76   fmul.o

    ----------------------------------------------------------------------
      3058         78         64          4          0       2540   Library Totals
         4          0          0          0          0          0   (incl. Padding)

    ----------------------------------------------------------------------

      Code (inc. data)   RO Data    RW Data    ZI Data      Debug   Library Name

      1064         56         64          0          0        556   m_ws.l
       200         22          0          4          0        340   mc_w.l
      1790          0          0          0          0       1644   mf_w.l

    ----------------------------------------------------------------------
      3058         78         64          4          0       2540   Library Totals

    ----------------------------------------------------------------------

==============================================================================


      Code (inc. data)   RO Data    RW Data    ZI Data      Debug   

      8188        552        332         36       1092     292193   Grand Totals
      8188        552        332         36       1092     292193   ELF Image Totals
      8188        552        332         36          0          0   ROM Totals

==============================================================================

    Total RO  Size (Code + RO Data)                 8520 (   8.32kB)
    Total RW  Size (RW Data + ZI Data)              1128 (   1.10kB)
    Total ROM Size (Code + RO Data + RW Data)       8556 (   8.36kB)

==============================================================================

